1AFO:A|PDBID|CHAIN|SEQUENCE	UniRef50_Q13030	100.000	40	0	0	1	40	16	55	5.99e-20	80.9
1AFO:A|PDBID|CHAIN|SEQUENCE	UniRef50_P02724	100.000	40	0	0	1	40	81	120	6.17e-20	82.8
1AFO:A|PDBID|CHAIN|SEQUENCE	UniRef50_P02724-3	100.000	40	0	0	1	40	48	87	6.90e-20	81.6
1AFO:A|PDBID|CHAIN|SEQUENCE	UniRef50_UPI000809CB47	79.487	39	8	0	2	40	64	102	1.69e-11	60.8
1AFO:A|PDBID|CHAIN|SEQUENCE	UniRef50_F6UAV1	80.000	40	8	0	1	40	16	55	2.37e-11	59.3
1AFO:A|PDBID|CHAIN|SEQUENCE	UniRef50_E9PH25	100.000	30	0	0	11	40	46	75	2.81e-11	59.7
1AFO:A|PDBID|CHAIN|SEQUENCE	UniRef50_UPI0003F119DE	74.359	39	10	0	2	40	81	119	6.71e-11	59.7
1AFO:A|PDBID|CHAIN|SEQUENCE	UniRef50_UPI0005B769C6	71.795	39	11	0	2	40	46	84	1.41e-10	57.8
1AFO:A|PDBID|CHAIN|SEQUENCE	UniRef50_P02726	65.000	40	14	0	1	40	40	79	4.78e-09	54.3
1AFO:A|PDBID|CHAIN|SEQUENCE	UniRef50_UPI000703D67A	69.231	39	12	0	2	40	64	102	2.25e-08	52.8
1AFO:A|PDBID|CHAIN|SEQUENCE	UniRef50_A0A1S3G828	69.231	39	12	0	2	40	73	111	4.23e-08	52.0
1AFO:A|PDBID|CHAIN|SEQUENCE	UniRef50_UPI000328D04A	61.538	39	15	0	2	40	78	116	5.58e-08	52.0
1AFO:A|PDBID|CHAIN|SEQUENCE	UniRef50_UPI000942A617	66.667	39	13	0	2	40	59	97	5.88e-08	51.2
1AFO:A|PDBID|CHAIN|SEQUENCE	UniRef50_P06028	68.293	41	10	1	2	39	50	90	9.30e-08	50.4
1AFO:A|PDBID|CHAIN|SEQUENCE	UniRef50_Q28914	71.429	42	9	1	1	39	81	122	2.87e-07	49.7
1AFO:A|PDBID|CHAIN|SEQUENCE	UniRef50_UPI000980BC37	58.974	39	16	0	2	40	105	143	5.93e-06	47.0
1AFO:A|PDBID|CHAIN|SEQUENCE	UniRef50_UPI0009818FAA	58.974	39	16	0	2	40	58	96	1.05e-05	45.8
1AFO:A|PDBID|CHAIN|SEQUENCE	UniRef50_B8Q189	73.529	34	8	1	7	39	11	44	1.81e-05	43.5
1AFO:A|PDBID|CHAIN|SEQUENCE	UniRef50_P14220	60.526	38	15	0	3	40	100	137	2.08e-05	45.4
1AFO:A|PDBID|CHAIN|SEQUENCE	UniRef50_P02725	64.706	34	12	0	7	40	58	91	2.76e-05	44.7
1AFO:A|PDBID|CHAIN|SEQUENCE	UniRef50_S6FBR6	82.143	28	5	0	12	39	5	32	3.94e-05	42.4
1AFO:A|PDBID|CHAIN|SEQUENCE	UniRef50_UPI000A31039B	60.000	40	16	0	1	40	97	136	6.89e-05	44.3
1AFO:A|PDBID|CHAIN|SEQUENCE	UniRef50_UPI0004435A29	46.154	39	21	0	2	40	105	143	8.16e-05	43.9
1AFO:A|PDBID|CHAIN|SEQUENCE	UniRef50_H2RC62	63.415	41	12	1	2	39	17	57	1.47e-04	41.2
1AFO:A|PDBID|CHAIN|SEQUENCE	UniRef50_A0A1U7UFZ1	61.765	34	13	0	7	40	79	112	1.56e-04	42.7
1AFO:A|PDBID|CHAIN|SEQUENCE	UniRef50_UPI00093AD0AC	51.282	39	19	0	2	40	77	115	2.36e-04	42.4
1AFO:A|PDBID|CHAIN|SEQUENCE	UniRef50_UPI00090578CC	55.263	38	17	0	3	40	32	69	2.63e-04	41.6
1AFO:A|PDBID|CHAIN|SEQUENCE	UniRef50_A0A1U8C4F8	51.282	39	19	0	2	40	26	64	3.70e-04	41.2
1AFO:A|PDBID|CHAIN|SEQUENCE	UniRef50_UPI000766EFC9	58.974	39	16	0	2	40	67	105	4.04e-04	41.6
1AFO:A|PDBID|CHAIN|SEQUENCE	UniRef50_UPI0009057AD9	55.263	38	17	0	3	40	60	97	4.18e-04	41.6
1AFO:A|PDBID|CHAIN|SEQUENCE	UniRef50_UPI000819BD41	57.895	38	16	0	2	39	102	139	4.22e-04	42.0
1AFO:A|PDBID|CHAIN|SEQUENCE	UniRef50_G1TZ28	64.706	34	12	0	7	40	1	34	7.77e-04	39.7
1AFO:A|PDBID|CHAIN|SEQUENCE	UniRef50_UPI0003445ACE	51.282	39	19	0	2	40	42	80	0.003	38.9
1AFO:A|PDBID|CHAIN|SEQUENCE	UniRef50_UPI000443598F	46.154	39	21	0	2	40	66	104	0.003	39.3
1AFO:A|PDBID|CHAIN|SEQUENCE	UniRef50_UPI0007EE873C	67.857	28	9	0	12	39	128	155	0.004	39.7
1AFO:A|PDBID|CHAIN|SEQUENCE	UniRef50_UPI0003F0880C	62.069	29	11	0	12	40	4	32	0.004	38.5
1AFO:A|PDBID|CHAIN|SEQUENCE	UniRef50_P02727	56.410	39	17	0	2	40	73	111	0.010	38.1
1AFO:A|PDBID|CHAIN|SEQUENCE	UniRef50_UPI000703D67A	69.231	39	12	0	2	40	64	102	3.07e-12	62.6
1AFO:A|PDBID|CHAIN|SEQUENCE	UniRef50_UPI0003F119DE	74.359	39	10	0	2	40	81	119	5.11e-12	62.6
1AFO:A|PDBID|CHAIN|SEQUENCE	UniRef50_UPI000328D04A	61.538	39	15	0	2	40	78	116	6.05e-12	62.2
1AFO:A|PDBID|CHAIN|SEQUENCE	UniRef50_UPI000809CB47	79.487	39	8	0	2	40	64	102	9.59e-12	61.4
1AFO:A|PDBID|CHAIN|SEQUENCE	UniRef50_P02726	65.000	40	14	0	1	40	40	79	1.43e-11	60.6
1AFO:A|PDBID|CHAIN|SEQUENCE	UniRef50_P02724-3	100.000	40	0	0	1	40	48	87	1.48e-11	60.6
1AFO:A|PDBID|CHAIN|SEQUENCE	UniRef50_P02724	100.000	40	0	0	1	40	81	120	2.06e-11	61.0
1AFO:A|PDBID|CHAIN|SEQUENCE	UniRef50_UPI000980BC37	58.974	39	16	0	2	40	105	143	3.77e-10	57.9
1AFO:A|PDBID|CHAIN|SEQUENCE	UniRef50_P14220	58.974	39	16	0	2	40	99	137	6.62e-10	57.5
1AFO:A|PDBID|CHAIN|SEQUENCE	UniRef50_A0A1S3G828	69.231	39	12	0	2	40	73	111	1.22e-09	56.0
1AFO:A|PDBID|CHAIN|SEQUENCE	UniRef50_UPI0005B769C6	71.795	39	11	0	2	40	46	84	1.89e-09	54.9
1AFO:A|PDBID|CHAIN|SEQUENCE	UniRef50_Q13030	100.000	40	0	0	1	40	16	55	2.11e-09	54.1
1AFO:A|PDBID|CHAIN|SEQUENCE	UniRef50_UPI000A31039B	60.000	40	16	0	1	40	97	136	5.02e-09	55.2
1AFO:A|PDBID|CHAIN|SEQUENCE	UniRef50_UPI0004435A29	46.154	39	21	0	2	40	105	143	5.45e-09	54.9
1AFO:A|PDBID|CHAIN|SEQUENCE	UniRef50_F6UAV1	80.000	40	8	0	1	40	16	55	9.44e-09	52.5
1AFO:A|PDBID|CHAIN|SEQUENCE	UniRef50_UPI0009818FAA	58.974	39	16	0	2	40	58	96	1.59e-08	52.9
1AFO:A|PDBID|CHAIN|SEQUENCE	UniRef50_UPI000942A617	66.667	39	13	0	2	40	59	97	1.84e-08	52.5
1AFO:A|PDBID|CHAIN|SEQUENCE	UniRef50_UPI00038BC136	46.154	39	21	0	2	40	89	127	5.57e-08	52.2
1AFO:A|PDBID|CHAIN|SEQUENCE	UniRef50_UPI000766EFC9	58.974	39	16	0	2	40	67	105	9.37e-08	51.0
1AFO:A|PDBID|CHAIN|SEQUENCE	UniRef50_UPI00093AD0AC	51.282	39	19	0	2	40	77	115	9.59e-08	51.4
1AFO:A|PDBID|CHAIN|SEQUENCE	UniRef50_UPI000443598F	46.154	39	21	0	2	40	66	104	1.49e-07	50.2
1AFO:A|PDBID|CHAIN|SEQUENCE	UniRef50_UPI0009057AD9	55.263	38	17	0	3	40	60	97	3.22e-07	49.5
1AFO:A|PDBID|CHAIN|SEQUENCE	UniRef50_UPI000819BD41	57.895	38	16	0	2	39	102	139	7.00e-07	49.1
1AFO:A|PDBID|CHAIN|SEQUENCE	UniRef50_A0A1U7UFZ1	61.765	34	13	0	7	40	79	112	8.24e-07	48.7
1AFO:A|PDBID|CHAIN|SEQUENCE	UniRef50_P02727	56.410	39	17	0	2	40	73	111	1.23e-06	48.3
1AFO:A|PDBID|CHAIN|SEQUENCE	UniRef50_P02725	62.857	35	13	0	6	40	57	91	1.47e-06	47.9
1AFO:A|PDBID|CHAIN|SEQUENCE	UniRef50_UPI00090578CC	55.263	38	17	0	3	40	32	69	1.71e-06	47.1
1AFO:A|PDBID|CHAIN|SEQUENCE	UniRef50_UPI0007EE873C	46.154	52	14	1	2	39	104	155	2.90e-06	48.3
1AFO:A|PDBID|CHAIN|SEQUENCE	UniRef50_A0A1U8C4F8	51.282	39	19	0	2	40	26	64	3.59e-06	46.4
1AFO:A|PDBID|CHAIN|SEQUENCE	UniRef50_UPI0003445ACE	51.282	39	19	0	2	40	42	80	4.02e-06	46.4
1AFO:A|PDBID|CHAIN|SEQUENCE	UniRef50_UPI000A281ECB	38.462	39	24	0	2	40	140	178	5.03e-06	47.1
1AFO:A|PDBID|CHAIN|SEQUENCE	UniRef50_UPI00062BA410	50.000	38	19	0	3	40	171	208	2.11e-05	46.0
1AFO:A|PDBID|CHAIN|SEQUENCE	UniRef50_UPI0003500716	48.718	39	20	0	2	40	69	107	2.67e-05	44.8
1AFO:A|PDBID|CHAIN|SEQUENCE	UniRef50_UPI00054007BD	48.718	39	20	0	2	40	92	130	4.50e-05	44.5
1AFO:A|PDBID|CHAIN|SEQUENCE	UniRef50_Q28914	71.429	42	9	1	1	39	81	122	1.38e-04	42.9
1AFO:A|PDBID|CHAIN|SEQUENCE	UniRef50_UPI00046B908D	61.765	34	13	0	7	40	175	208	2.79e-04	42.9
1AFO:A|PDBID|CHAIN|SEQUENCE	UniRef50_UPI000950EF09	48.718	39	20	0	2	40	58	96	7.67e-04	40.6
1AFO:A|PDBID|CHAIN|SEQUENCE	UniRef50_E9PH25	100.000	30	0	0	11	40	46	75	0.002	39.4
1AFO:A|PDBID|CHAIN|SEQUENCE	UniRef50_UPI0004541FDF	46.154	39	21	0	2	40	44	82	0.002	39.4
1AFO:A|PDBID|CHAIN|SEQUENCE	UniRef50_UPI0003F0880C	60.000	30	12	0	11	40	3	32	0.002	39.1
1AFO:A|PDBID|CHAIN|SEQUENCE	UniRef50_UPI00062ABDC6	40.000	30	18	0	11	40	37	66	0.008	38.7
1AFO:A|PDBID|CHAIN|SEQUENCE	UniRef50_UPI000703D67A	69.231	39	12	0	2	40	64	102	6.58e-12	61.8
1AFO:A|PDBID|CHAIN|SEQUENCE	UniRef50_UPI0003F119DE	74.359	39	10	0	2	40	81	119	1.00e-11	61.8
1AFO:A|PDBID|CHAIN|SEQUENCE	UniRef50_UPI000809CB47	79.487	39	8	0	2	40	64	102	1.34e-11	61.0
1AFO:A|PDBID|CHAIN|SEQUENCE	UniRef50_UPI000328D04A	61.538	39	15	0	2	40	78	116	1.42e-11	61.0
1AFO:A|PDBID|CHAIN|SEQUENCE	UniRef50_P02726	65.000	40	14	0	1	40	40	79	3.00e-11	59.8
1AFO:A|PDBID|CHAIN|SEQUENCE	UniRef50_P02724-3	100.000	40	0	0	1	40	48	87	1.06e-10	58.3
1AFO:A|PDBID|CHAIN|SEQUENCE	UniRef50_P02724	100.000	40	0	0	1	40	81	120	4.04e-10	57.5
1AFO:A|PDBID|CHAIN|SEQUENCE	UniRef50_UPI0004435A29	46.154	39	21	0	2	40	105	143	8.81e-10	56.8
1AFO:A|PDBID|CHAIN|SEQUENCE	UniRef50_UPI000980BC37	58.974	39	16	0	2	40	105	143	9.73e-10	57.1
1AFO:A|PDBID|CHAIN|SEQUENCE	UniRef50_A0A1S3G828	69.231	39	12	0	2	40	73	111	1.95e-09	55.6
1AFO:A|PDBID|CHAIN|SEQUENCE	UniRef50_UPI0005B769C6	71.795	39	11	0	2	40	46	84	2.57e-09	54.8
1AFO:A|PDBID|CHAIN|SEQUENCE	UniRef50_P14220	58.974	39	16	0	2	40	99	137	2.88e-09	55.6
1AFO:A|PDBID|CHAIN|SEQUENCE	UniRef50_UPI00038BC136	46.154	39	21	0	2	40	89	127	1.04e-08	54.1
1AFO:A|PDBID|CHAIN|SEQUENCE	UniRef50_Q13030	100.000	40	0	0	1	40	16	55	1.14e-08	52.5
1AFO:A|PDBID|CHAIN|SEQUENCE	UniRef50_F6UAV1	80.000	40	8	0	1	40	16	55	1.45e-08	52.1
1AFO:A|PDBID|CHAIN|SEQUENCE	UniRef50_UPI000A31039B	60.000	40	16	0	1	40	97	136	1.72e-08	53.7
1AFO:A|PDBID|CHAIN|SEQUENCE	UniRef50_UPI000443598F	46.154	39	21	0	2	40	66	104	2.96e-08	52.1
1AFO:A|PDBID|CHAIN|SEQUENCE	UniRef50_UPI000942A617	66.667	39	13	0	2	40	59	97	3.42e-08	51.8
1AFO:A|PDBID|CHAIN|SEQUENCE	UniRef50_UPI0009818FAA	58.974	39	16	0	2	40	58	96	3.55e-08	52.1
1AFO:A|PDBID|CHAIN|SEQUENCE	UniRef50_UPI00093AD0AC	51.282	39	19	0	2	40	77	115	5.28e-08	52.1
1AFO:A|PDBID|CHAIN|SEQUENCE	UniRef50_UPI000A281ECB	38.462	39	24	0	2	40	140	178	8.30e-08	52.1
1AFO:A|PDBID|CHAIN|SEQUENCE	UniRef50_UPI000766EFC9	58.974	39	16	0	2	40	67	105	1.59e-07	50.6
1AFO:A|PDBID|CHAIN|SEQUENCE	UniRef50_P02727	56.410	39	17	0	2	40	73	111	2.20e-07	50.2
1AFO:A|PDBID|CHAIN|SEQUENCE	UniRef50_UPI00062BA410	50.000	38	19	0	3	40	171	208	3.50e-07	51.0
1AFO:A|PDBID|CHAIN|SEQUENCE	UniRef50_UPI0007EE873C	46.154	52	14	1	2	39	104	155	4.09e-07	50.6
1AFO:A|PDBID|CHAIN|SEQUENCE	UniRef50_A0A1U7UFZ1	61.765	34	13	0	7	40	79	112	4.54e-07	49.4
1AFO:A|PDBID|CHAIN|SEQUENCE	UniRef50_UPI0009057AD9	55.263	38	17	0	3	40	60	97	5.42e-07	49.1
1AFO:A|PDBID|CHAIN|SEQUENCE	UniRef50_UPI0003445ACE	51.282	39	19	0	2	40	42	80	5.47e-07	48.3
1AFO:A|PDBID|CHAIN|SEQUENCE	UniRef50_UPI000819BD41	57.895	38	16	0	2	39	102	139	8.41e-07	49.1
1AFO:A|PDBID|CHAIN|SEQUENCE	UniRef50_UPI0003500716	48.718	39	20	0	2	40	69	107	1.45e-06	47.9
1AFO:A|PDBID|CHAIN|SEQUENCE	UniRef50_UPI00054007BD	48.718	39	20	0	2	40	92	130	1.96e-06	48.3
1AFO:A|PDBID|CHAIN|SEQUENCE	UniRef50_UPI00090578CC	55.263	38	17	0	3	40	32	69	2.20e-06	46.7
1AFO:A|PDBID|CHAIN|SEQUENCE	UniRef50_A0A1U8C4F8	51.282	39	19	0	2	40	26	64	2.96e-06	46.4
1AFO:A|PDBID|CHAIN|SEQUENCE	UniRef50_P02725	62.857	35	13	0	6	40	57	91	4.28e-06	46.7
1AFO:A|PDBID|CHAIN|SEQUENCE	UniRef50_UPI000950EF09	48.718	39	20	0	2	40	58	96	7.14e-06	46.0
1AFO:A|PDBID|CHAIN|SEQUENCE	UniRef50_UPI00046B908D	61.765	34	13	0	7	40	175	208	1.94e-04	43.3
1AFO:A|PDBID|CHAIN|SEQUENCE	UniRef50_Q28914	71.429	42	9	1	1	39	81	122	0.001	40.6
1AFO:A|PDBID|CHAIN|SEQUENCE	UniRef50_UPI0003F0880C	60.000	30	12	0	11	40	3	32	0.001	39.8
1AFO:A|PDBID|CHAIN|SEQUENCE	UniRef50_UPI00062ABDC6	40.000	30	18	0	11	40	37	66	0.001	41.0
1AFO:A|PDBID|CHAIN|SEQUENCE	UniRef50_UPI0004541FDF	46.154	39	21	0	2	40	44	82	0.002	39.4
1AFO:A|PDBID|CHAIN|SEQUENCE	UniRef50_UPI00095191C6	48.718	39	20	0	2	40	71	109	0.003	39.4
1AFO:A|PDBID|CHAIN|SEQUENCE	UniRef50_UPI000703D67A	69.231	39	12	0	2	40	64	102	3.23e-10	57.5
1AFO:A|PDBID|CHAIN|SEQUENCE	UniRef50_UPI0003F119DE	74.359	39	10	0	2	40	81	119	4.34e-10	57.5
1AFO:A|PDBID|CHAIN|SEQUENCE	UniRef50_UPI000328D04A	61.538	39	15	0	2	40	78	116	4.50e-10	57.1
1AFO:A|PDBID|CHAIN|SEQUENCE	UniRef50_UPI000809CB47	79.487	39	8	0	2	40	64	102	4.95e-10	57.1
1AFO:A|PDBID|CHAIN|SEQUENCE	UniRef50_P02726	65.000	40	14	0	1	40	40	79	1.01e-09	56.0
1AFO:A|PDBID|CHAIN|SEQUENCE	UniRef50_P02724-3	100.000	40	0	0	1	40	48	87	3.24e-09	54.4
1AFO:A|PDBID|CHAIN|SEQUENCE	UniRef50_P02724	100.000	40	0	0	1	40	81	120	1.10e-08	54.0
1AFO:A|PDBID|CHAIN|SEQUENCE	UniRef50_UPI000980BC37	58.974	39	16	0	2	40	105	143	2.36e-08	53.3
1AFO:A|PDBID|CHAIN|SEQUENCE	UniRef50_UPI0004435A29	46.154	39	21	0	2	40	105	143	2.84e-08	52.9
1AFO:A|PDBID|CHAIN|SEQUENCE	UniRef50_A0A1S3G828	69.231	39	12	0	2	40	73	111	4.91e-08	52.1
1AFO:A|PDBID|CHAIN|SEQUENCE	UniRef50_UPI0005B769C6	71.795	39	11	0	2	40	46	84	8.22e-08	51.0
1AFO:A|PDBID|CHAIN|SEQUENCE	UniRef50_P14220	58.974	39	16	0	2	40	99	137	9.85e-08	51.7
1AFO:A|PDBID|CHAIN|SEQUENCE	UniRef50_UPI00038BC136	46.154	39	21	0	2	40	89	127	2.40e-07	50.6
1AFO:A|PDBID|CHAIN|SEQUENCE	UniRef50_Q13030	100.000	40	0	0	1	40	16	55	2.63e-07	49.0
1AFO:A|PDBID|CHAIN|SEQUENCE	UniRef50_F6UAV1	80.000	40	8	0	1	40	16	55	3.42e-07	48.6
1AFO:A|PDBID|CHAIN|SEQUENCE	UniRef50_UPI000A31039B	60.000	40	16	0	1	40	97	136	5.90e-07	49.8
1AFO:A|PDBID|CHAIN|SEQUENCE	UniRef50_UPI000942A617	66.667	39	13	0	2	40	59	97	6.46e-07	48.6
1AFO:A|PDBID|CHAIN|SEQUENCE	UniRef50_UPI0009818FAA	58.974	39	16	0	2	40	58	96	7.45e-07	48.6
1AFO:A|PDBID|CHAIN|SEQUENCE	UniRef50_UPI000443598F	46.154	39	21	0	2	40	66	104	7.60e-07	48.6
1AFO:A|PDBID|CHAIN|SEQUENCE	UniRef50_UPI00093AD0AC	51.282	39	19	0	2	40	77	115	9.59e-07	48.6
1AFO:A|PDBID|CHAIN|SEQUENCE	UniRef50_UPI000A281ECB	38.462	39	24	0	2	40	140	178	1.41e-06	48.6
1AFO:A|PDBID|CHAIN|SEQUENCE	UniRef50_P02727	56.410	39	17	0	2	40	73	111	3.19e-06	47.1
1AFO:A|PDBID|CHAIN|SEQUENCE	UniRef50_UPI000766EFC9	58.974	39	16	0	2	40	67	105	3.73e-06	47.1
1AFO:A|PDBID|CHAIN|SEQUENCE	UniRef50_UPI00062BA410	50.000	38	19	0	3	40	171	208	6.86e-06	47.5
1AFO:A|PDBID|CHAIN|SEQUENCE	UniRef50_UPI0009057AD9	55.263	38	17	0	3	40	60	97	8.00e-06	45.9
1AFO:A|PDBID|CHAIN|SEQUENCE	UniRef50_A0A1U7UFZ1	61.765	34	13	0	7	40	79	112	8.60e-06	45.9
1AFO:A|PDBID|CHAIN|SEQUENCE	UniRef50_UPI0003445ACE	51.282	39	19	0	2	40	42	80	9.05e-06	45.2
1AFO:A|PDBID|CHAIN|SEQUENCE	UniRef50_UPI0007EE873C	46.154	52	14	1	2	39	104	155	1.30e-05	46.3
1AFO:A|PDBID|CHAIN|SEQUENCE	UniRef50_UPI0003500716	48.718	39	20	0	2	40	69	107	1.39e-05	45.6
1AFO:A|PDBID|CHAIN|SEQUENCE	UniRef50_UPI000819BD41	57.895	38	16	0	2	39	102	139	1.52e-05	45.6
1AFO:A|PDBID|CHAIN|SEQUENCE	UniRef50_UPI00054007BD	48.718	39	20	0	2	40	92	130	2.55e-05	45.2
1AFO:A|PDBID|CHAIN|SEQUENCE	UniRef50_UPI00090578CC	55.263	38	17	0	3	40	32	69	2.97e-05	44.0
1AFO:A|PDBID|CHAIN|SEQUENCE	UniRef50_A0A1U8C4F8	51.282	39	19	0	2	40	26	64	6.04e-05	43.3
1AFO:A|PDBID|CHAIN|SEQUENCE	UniRef50_P02725	62.857	35	13	0	6	40	57	91	6.96e-05	43.6
1AFO:A|PDBID|CHAIN|SEQUENCE	UniRef50_UPI000950EF09	48.718	39	20	0	2	40	58	96	8.25e-05	43.3
1AFO:A|PDBID|CHAIN|SEQUENCE	UniRef50_UPI00046B908D	61.765	34	13	0	7	40	175	208	0.003	40.2
1AFO:A|PDBID|CHAIN|SEQUENCE	UniRef50_UPI00062ABDC6	40.000	30	18	0	11	40	37	66	0.004	39.8
1AFO:A|PDBID|CHAIN|SEQUENCE	UniRef50_UPI0003F0880C	60.000	30	12	0	11	40	3	32	0.004	38.6

Search has CONVERGED!
