===================================================================================
1 2 3  Sl.No.  Res1   Res2    Res3    Res4 Ch  Twist    h     Vtor       BA  Radius
===================================================================================
P U U    1     1 V     2 L     3 S     4 E A   231.19  3.16  239.55    0.00  1.15
U U U    2     2 L     3 S     4 E     5 G A   236.56  2.60  250.11    0.00  1.44
2jho         1 LEU A    2  GLU A    4          233.88  2.88
A G U    3     3 S     4 E     5 G     6 E A   104.88  1.54   55.15    0.00  2.17
A U U    4     4 E     5 G     6 E     7 W A    98.68  1.44   47.98  104.72  2.33
A U U    5     5 G     6 E     7 W     8 Q A    99.91  1.52   50.62  115.93  2.27
A G U    6     6 E     7 W     8 Q     9 L A   104.23  1.58   55.99    4.53  2.20
A U U    7     7 W     8 Q     9 L    10 V A    99.70  1.43   48.00    5.98  2.31
A U U    8     8 Q     9 L    10 V    11 L A    97.61  1.57   50.47    5.15  2.29
A U I    9     9 L    10 V    11 L    12 H A    92.52  1.42   42.93    4.49  2.45
A G U   10    10 V    11 L    12 H    13 V A   102.70  1.66   56.94    5.06  2.19
A U U   11    11 L    12 H    13 V    14 W A    99.40  1.30   43.56    9.81  2.35
A U U   12    12 H    13 V    14 W    15 A A   101.05  1.64   55.51   12.55  2.22
U G U   13    13 V    14 W    15 A    16 K A   104.55  1.64   58.73   13.95  2.16
A G U   14    14 W    15 A    16 K    17 V A   104.92  1.61   57.63    9.65  2.18
A U U   15    15 A    16 K    17 V    18 E A   101.21  1.50   51.15    2.58  2.26
U G U   16    16 K    17 V    18 E    19 A A   105.24  1.76   63.06    8.81  2.13
U G U   17    17 V    18 E    19 A    20 D A   110.92  1.89   71.56    9.13  2.00
2jho         2 GLU A    4  ALA A   19          101.83  1.57
A U U   20    20 D    21 V    22 A    23 G A    97.84  1.53   49.10  106.14  2.30
A U U   21    21 V    22 A    23 G    24 H A    97.84  1.51   48.71  129.45  2.34
A U U   22    22 A    23 G    24 H    25 G A    97.88  1.43   46.51   80.88  2.34
A U U   23    23 G    24 H    25 G    26 Q A    98.80  1.52   50.16    3.51  2.29
A U U   24    24 H    25 G    26 Q    27 D A    97.70  1.55   50.52    3.53  2.30
A U U   25    25 G    26 Q    27 D    28 I A    96.44  1.41   45.04    5.61  2.37
A U U   26    26 Q    27 D    28 I    29 L A    97.65  1.57   49.98    4.96  2.31
A U I   27    27 D    28 I    29 L    30 I A    94.68  1.46   45.02    4.62  2.42
A U U   28    28 I    29 L    30 I    31 R A    98.06  1.49   48.22    4.41  2.32
A U U   29    29 L    30 I    31 R    32 L A    98.45  1.48   48.69    2.54  2.34
A U U   30    30 I    31 R    32 L    33 F A    99.80  1.48   48.80    0.95  2.30
A U I   31    31 R    32 L    33 F    34 K A    94.65  1.47   45.09    0.19  2.40
U U I   32    32 L    33 F    34 K    35 S A    90.57  1.39   40.75    1.79  2.50
A U U   33    33 F    34 K    35 S    36 H A    93.93  1.43   44.07    2.12  2.40
U U I   34    34 K    35 S    36 H    37 P A    80.77  0.92   23.52   10.23  2.82
2jho         3 VAL A   21  HIS A   36           95.67  1.44
U G U   36    36 H    37 P    38 E    39 T A   110.83  1.92   72.28  115.83  1.99
A G U   37    37 P    38 E    39 T    40 L A   103.85  1.72   60.29  117.09  2.15
A U U   38    38 E    39 T    40 L    41 E A   100.94  1.67   56.16  133.08  2.21
U G U   39    39 T    40 L    41 E    42 K A   106.81  1.76   64.02    8.61  2.10
U G U   40    40 L    41 E    42 K    43 F A   107.23  1.80   65.40    3.21  2.08
U U U   41    41 E    42 K    43 F    44 D A   104.68  2.24   76.29   12.40  1.90
2jho         4 PRO A   37  PHE A   43          105.72  1.85
U G U   43    43 F    44 D    45 R    46 F A   105.94  1.67   60.72   93.52  2.13
U U U   44    44 D    45 R    46 F    47 K A    80.79  0.82   20.79   85.83  2.85
2jho         5 ASP A   44  PHE A   46           93.37  1.24
U U U   45    45 R    46 F    47 K    48 H A   121.19  2.57  101.50  160.98  1.58
U G U   46    46 F    47 K    48 H    49 L A   108.02  1.88   68.81   48.36  2.02
U U U   47    47 K    48 H    49 L    50 K A   123.10  2.49  103.38   51.13  1.60
2jho         6 PHE A   46  LEU A   49          117.44  2.31
A G U   51    51 T    52 E    53 A    54 E A   104.56  1.66   58.42  130.17  2.16
A U U   52    52 E    53 A    54 E    55 M A    98.62  1.44   47.85  115.32  2.33
A U U   53    53 A    54 E    55 M    56 K A    99.49  1.51   50.22  127.67  2.28
A U U   54    54 E    55 M    56 K    57 A A    98.90  1.48   48.70    5.68  2.31
A U U   55    55 M    56 K    57 A    58 S A    99.43  1.56   51.79    1.54  2.26
2jho         7 GLU A   52  ALA A   57          100.20  1.53
A U U   58    58 S    59 E    60 D    61 L A   101.04  1.64   55.75   70.61  2.22
A U U   59    59 E    60 D    61 L    62 K A   101.57  1.56   53.57   89.18  2.22
A U U   60    60 D    61 L    62 K    63 K A    99.53  1.47   49.25  173.53  2.31
A U U   61    61 L    62 K    63 K    64 H A   101.45  1.52   51.24    3.75  2.25
A U U   62    62 K    63 K    64 H    65 G A    98.62  1.48   48.94    2.34  2.34
A G U   63    63 K    64 H    65 G    66 V A   105.90  1.68   60.13    4.40  2.14
A U U   64    64 H    65 G    66 V    67 T A   100.41  1.54   51.96    7.10  2.30
A U U   65    65 G    66 V    67 T    68 V A   100.98  1.52   50.91    7.64  2.26
A U I   66    66 V    67 T    68 V    69 L A    93.79  1.49   45.62    3.25  2.42
A U I   67    67 T    68 V    69 L    70 T A    92.45  1.38   41.41    2.01  2.49
A G U   68    68 V    69 L    70 T    71 A A   105.44  1.67   58.45    8.47  2.18
A U I   69    69 L    70 T    71 A    72 L A    96.83  1.35   43.27   10.96  2.42
A U U   70    70 T    71 A    72 L    73 G A    96.66  1.49   47.29   11.08  2.37
A U U   71    71 A    72 L    73 G    74 A A   100.41  1.55   51.86   10.49  2.25
A U U   72    72 L    73 G    74 A    75 I A    97.96  1.51   49.66    4.69  2.32
A U U   73    73 G    74 A    75 I    76 L A    98.63  1.49   48.86    2.53  2.31
A U U   74    74 A    75 I    76 L    77 K A    99.14  1.53   50.08    2.38  2.31
U G U   75    75 I    76 L    77 K    78 K A   104.09  1.70   59.12    4.51  2.19
U G U   76    76 L    77 K    78 K    79 K A   109.13  1.78   66.04    3.57  2.08
2jho         8 GLU A   59  LYS A   78          100.21  1.54
U U U   79    79 K    80 G    81 H    82 H A   127.99  2.46  105.55  115.98  1.61
U U U   80    80 G    81 H    82 H    83 E A   135.27  2.70  122.05   71.12  1.42
U U U   81    81 H    82 H    83 E    84 A A   137.53  2.77  124.12   76.61  1.38
2jho         9 GLY A   80  GLU A   83          133.60  2.64
A U I   82    82 H    83 E    84 A    85 E A    93.89  1.47   44.99   49.56  2.42
A U U   83    83 E    84 A    85 E    86 L A    96.13  1.53   48.07   48.94  2.34
A U I   84    84 A    85 E    86 L    87 K A    92.84  1.57   46.98   47.75  2.41
A U U   85    85 E    86 L    87 K    88 P A   106.05  2.22   74.97   15.76  1.94
A U I   86    86 L    87 K    88 P    89 L A    91.55  1.35   39.83   31.99  2.51
A U U   87    87 K    88 P    89 L    90 A A    99.28  1.59   51.97   28.57  2.27
A U U   88    88 P    89 L    90 A    91 Q A    96.91  1.41   45.66   19.28  2.37
A U U   89    89 L    90 A    91 Q    92 S A    97.92  1.57   50.69    6.24  2.28
A U I   90    90 A    91 Q    92 S    93 H A    90.76  1.33   39.15    5.31  2.51
A U I   91    91 Q    92 S    93 H    94 A A    97.76  1.57   50.24    6.42  2.30
U U I   92    92 S    93 H    94 A    95 T A    89.81  1.31   37.93    6.66  2.53
U U I   93    93 H    94 A    95 T    96 K A    77.91  0.98   23.62   14.57  2.95
U U U   94    94 A    95 T    96 K    97 H A    76.72  1.07   24.83   10.38  2.93
U U I   95    95 T    96 K    97 H    98 K A    83.85  1.11   29.58    7.79  2.72
2jho        10 GLU A   83  HIS A   97           92.24  1.43
U U U   98    98 K    99 I   100 P   101 I A   218.79  3.17  226.54   69.72  1.14
U U U   99    99 I   100 P   101 I   102 K A   229.02  2.59  241.88   27.27  1.44
2jho        11 ILE A   99  ILE A  101          223.91  2.88
U G U  100   100 P   101 I   102 K   103 Y A   110.41  1.80   68.76   72.74  2.04
A U U  101   101 I   102 K   103 Y   104 L A   102.36  1.57   54.35  116.24  2.23
A G U  102   102 K   103 Y   104 L   105 E A   105.39  1.59   57.02  130.85  2.18
A G U  103   103 Y   104 L   105 E   106 F A   103.46  1.51   53.04    5.10  2.24
A U U  104   104 L   105 E   106 F   107 I A    99.24  1.54   50.91    2.74  2.29
A U U  105   105 E   106 F   107 I   108 S A    97.88  1.44   47.16    1.88  2.33
A U U  106   106 F   107 I   108 S   109 E A   102.76  1.59   55.46    4.30  2.22
A U U  107   107 I   108 S   109 E   110 A A    99.82  1.41   47.17    5.73  2.32
A U U  108   108 S   109 E   110 A   111 I A   101.92  1.56   53.10    6.15  2.25
A U U  109   109 E   110 A   111 I   112 I A   100.87  1.54   52.28    6.16  2.26
A U U  110   110 A   111 I   112 I   113 H A    96.82  1.42   46.07    6.47  2.37
A U U  111   111 I   112 I   113 H   114 V A    98.39  1.56   50.21    4.87  2.30
A U U  112   112 I   113 H   114 V   115 L A    99.79  1.55   51.53    4.62  2.28
A U U  113   113 H   114 V   115 L   116 H A   102.16  1.59   54.97    2.39  2.23
A G U  114   114 V   115 L   116 H   117 S A   106.81  1.56   57.58    1.33  2.15
A U I  115   115 L   116 H   117 S   118 R A    95.51  1.35   43.53    6.54  2.39
U U I  116   116 H   117 S   118 R   119 H A    84.33  1.38   36.44    5.86  2.63
U U I  117   117 S   118 R   119 H   120 P A    80.12  1.16   28.77    1.52  2.84
2jho        12 ILE A  101  HIS A  119           99.34  1.51
A U U  119   119 H   120 P   121 G   122 D A    98.96  1.52   50.10   96.09  2.28
U U U  120   120 P   121 G   122 D   123 F A    75.30  1.06   25.41   99.82  2.99
2jho        13 PRO A  120  ASP A  122           87.13  1.29
A U U  124   124 G   125 A   126 D   127 A A   101.81  1.56   52.88   66.00  2.23
A U U  125   125 A   126 D   127 A   128 Q A    96.78  1.45   46.89  114.71  2.38
A U U  126   126 D   127 A   128 Q   129 G A   101.09  1.53   51.85  104.54  2.25
A U U  127   127 A   128 Q   129 G   130 A A   100.29  1.52   51.28    3.27  2.27
A U U  128   128 Q   129 G   130 A   131 M A    94.72  1.43   44.87    4.15  2.37
A U U  129   129 G   130 A   131 M   132 N A    97.60  1.58   51.37    4.68  2.28
A U U  130   130 A   131 M   132 N   133 K A   100.80  1.53   51.98    4.08  2.27
A U U  131   131 M   132 N   133 K   134 A A   101.86  1.47   50.00    5.19  2.26
A U U  132   132 N   133 K   134 A   135 L A    98.21  1.53   49.80    2.92  2.34
A U U  133   133 K   134 A   135 L   136 E A    97.53  1.40   45.47    2.58  2.36
A U U  134   134 A   135 L   136 E   137 L A   101.97  1.56   53.35    4.52  2.25
A U U  135   135 L   136 E   137 L   138 F A   101.76  1.47   50.54    4.84  2.26
A U U  136   136 E   137 L   138 F   139 R A    99.78  1.54   51.65    4.12  2.29
A U U  137   137 L   138 F   139 R   140 K A    96.43  1.37   43.61    3.32  2.38
A U U  138   138 F   139 R   140 K   141 D A   100.39  1.66   54.83    7.33  2.24
A U I  139   139 R   140 K   141 D   142 I A    94.62  1.42   44.44    8.59  2.42
A U U  140   140 K   141 D   142 I   143 A A    98.30  1.47   47.63    9.21  2.33
A U U  141   141 D   142 I   143 A   144 A A   102.72  1.61   55.30    9.58  2.23
A G U  142   142 I   143 A   144 A   145 K A   103.29  1.65   57.15    3.28  2.19
A U I  143   143 A   144 A   145 K   146 Y A    96.10  1.37   43.90   10.78  2.41
A U U  144   144 A   145 K   146 Y   147 K A   102.69  1.58   54.37    9.15  2.21
A U U  145   145 K   146 Y   147 K   148 E A   100.18  1.47   49.43    8.00  2.30
A U U  146   146 Y   147 K   148 E   149 L A   101.25  1.55   52.76    5.53  2.25
A U U  147   147 K   148 E   149 L   150 G A    97.30  1.45   46.77    2.99  2.36
2jho        14 ALA A  125  LEU A  149           99.48  1.51
U U U  149   149 L   150 G   151 Y   152 Q A   122.56  2.52  100.52  119.53  1.66
U U U  150   150 G   151 Y   152 Q   153 G A    94.12  2.40   68.42  113.25  1.98
2jho        15 GLY A  150  GLN A  152          108.34  2.46
=================================================================================
 DESCRIPTION OF THE RECORD
=================================================================================
 1         : Twist, Rise per Residue and Radius satisfying the criteria of either
             alpha helix or PPII (can have A, a, P, U).
 2         : Twist, Rise per Residue and Radius satisfying the criteria of 310
             helix (can have G, g, U).
 3         : Twist, Rise per Residue and Radius satisfying the criteria of pi
             helix (can have I, i, U).
    A = Right-handed α helix                      a = Left-handed α helix
    G = Right-handed 310 helix                    g = Left-handed 310 helix
    I = Right-handed π helix                      i = Left-handed π helix
    P = PolyProline-II                            U = Undefined
 Res1      : CA atom of ith residue of the repeating unit.
 Res2      : CA atom of (i+1)th residue of the repeating unit.
 Res3      : CA atom of (i+2)th residue of the repeating unit.
 Res4      : CA atom of (i+3)th residue of the repeating unit.
 ch        : Chain identifier of the repeating unit.
 Twist     : Translation along the helical axis per repeating unit (Deg.).
 h         : Rise per Residue along the helical axis per repeating unit (Ang.).
 Vtor      : Virtual torsional angle per repeating unit (Deg.).
 BA        : Bending angle b/w local helix axes of two successive turns(Deg.).
 Radius    : Radius of least squares circle fitted per repeating unit (Ang.).
================================================================================