============================================================================
Sl.No.  Res1    Res2    Res3    Res4 Ch  Twist     h    Vtor       BA Radius
============================================================================
   1     1 V     2 L     3 S     4 E A   231.19  3.16  239.55    0.00  1.15
   2     2 L     3 S     4 E     5 G A   236.56  2.60  250.11    0.00  1.44
   3     3 S     4 E     5 G     6 E A   104.88  1.54   55.15    0.00  2.17
   4     4 E     5 G     6 E     7 W A    98.68  1.44   47.98  104.72  2.33
   5     5 G     6 E     7 W     8 Q A    99.91  1.52   50.62  115.93  2.27
   6     6 E     7 W     8 Q     9 L A   104.23  1.58   55.99    4.53  2.20
   7     7 W     8 Q     9 L    10 V A    99.70  1.43   48.00    5.98  2.31
   8     8 Q     9 L    10 V    11 L A    97.61  1.57   50.47    5.15  2.29
   9     9 L    10 V    11 L    12 H A    92.52  1.42   42.93    4.49  2.45
  10    10 V    11 L    12 H    13 V A   102.70  1.66   56.94    5.06  2.19
  11    11 L    12 H    13 V    14 W A    99.40  1.30   43.56    9.81  2.35
  12    12 H    13 V    14 W    15 A A   101.05  1.64   55.51   12.55  2.22
  13    13 V    14 W    15 A    16 K A   104.55  1.64   58.73   13.95  2.16
  14    14 W    15 A    16 K    17 V A   104.92  1.61   57.63    9.65  2.18
  15    15 A    16 K    17 V    18 E A   101.21  1.50   51.15    2.58  2.26
  16    16 K    17 V    18 E    19 A A   105.24  1.76   63.06    8.81  2.13
  17    17 V    18 E    19 A    20 D A   110.92  1.89   71.56    9.13  2.00
  18    18 E    19 A    20 D    21 V A    82.94  0.30    8.10   46.55  2.81
  19    19 A    20 D    21 V    22 A A   165.66  2.49  164.29   52.62  1.21
  20    20 D    21 V    22 A    23 G A    97.84  1.53   49.10  106.14  2.30
  21    21 V    22 A    23 G    24 H A    97.84  1.51   48.71  129.45  2.34
  22    22 A    23 G    24 H    25 G A    97.88  1.43   46.51   80.88  2.34
  23    23 G    24 H    25 G    26 Q A    98.80  1.52   50.16    3.51  2.29
  24    24 H    25 G    26 Q    27 D A    97.70  1.55   50.52    3.53  2.30
  25    25 G    26 Q    27 D    28 I A    96.44  1.41   45.04    5.61  2.37
  26    26 Q    27 D    28 I    29 L A    97.65  1.57   49.98    4.96  2.31
  27    27 D    28 I    29 L    30 I A    94.68  1.46   45.02    4.62  2.42
  28    28 I    29 L    30 I    31 R A    98.06  1.49   48.22    4.41  2.32
  29    29 L    30 I    31 R    32 L A    98.45  1.48   48.69    2.54  2.34
  30    30 I    31 R    32 L    33 F A    99.80  1.48   48.80    0.95  2.30
  31    31 R    32 L    33 F    34 K A    94.65  1.47   45.09    0.19  2.40
  32    32 L    33 F    34 K    35 S A    90.57  1.39   40.75    1.79  2.50
  33    33 F    34 K    35 S    36 H A    93.93  1.43   44.07    2.12  2.40
  34    34 K    35 S    36 H    37 P A    80.77  0.92   23.52   10.23  2.82
  35    35 S    36 H    37 P    38 E A   171.02  2.98  179.98   22.80  1.18
  36    36 H    37 P    38 E    39 T A   110.83  1.92   72.28  115.83  1.99
  37    37 P    38 E    39 T    40 L A   103.85  1.72   60.29  117.09  2.15
  38    38 E    39 T    40 L    41 E A   100.94  1.67   56.16  133.08  2.21
  39    39 T    40 L    41 E    42 K A   106.81  1.76   64.02    8.61  2.10
  40    40 L    41 E    42 K    43 F A   107.23  1.80   65.40    3.21  2.08
  41    41 E    42 K    43 F    44 D A   104.68  2.24   76.29   12.40  1.90
  42    42 K    43 F    44 D    45 R A   195.62  0.16  181.16   53.63  1.25
  43    43 F    44 D    45 R    46 F A   105.94  1.67   60.72   93.52  2.13
  44    44 D    45 R    46 F    47 K A    80.79  0.82   20.79   85.83  2.85
  45    45 R    46 F    47 K    48 H A   121.19  2.57  101.50  160.98  1.58
  46    46 F    47 K    48 H    49 L A   108.02  1.88   68.81   48.36  2.02
  47    47 K    48 H    49 L    50 K A   123.10  2.49  103.38   51.13  1.60
  48    48 H    49 L    50 K    51 T A   172.69  3.06  170.84   52.57  1.14
  49    49 L    50 K    51 T    52 E A    67.52  1.76   34.91   73.98  2.93
  50    50 K    51 T    52 E    53 A A   238.84  2.68  246.92  114.69  1.30
  51    51 T    52 E    53 A    54 E A   104.56  1.66   58.42  130.17  2.16
  52    52 E    53 A    54 E    55 M A    98.62  1.44   47.85  115.32  2.33
  53    53 A    54 E    55 M    56 K A    99.49  1.51   50.22  127.67  2.28
  54    54 E    55 M    56 K    57 A A    98.90  1.48   48.70    5.68  2.31
  55    55 M    56 K    57 A    58 S A    99.43  1.56   51.79    1.54  2.26
  56    56 K    57 A    58 S    59 E A   122.90  2.65  106.36   38.95  1.51
  57    57 A    58 S    59 E    60 D A   191.77  1.49  187.89  108.50  1.20
  58    58 S    59 E    60 D    61 L A   101.04  1.64   55.75   70.61  2.22
  59    59 E    60 D    61 L    62 K A   101.57  1.56   53.57   89.18  2.22
  60    60 D    61 L    62 K    63 K A    99.53  1.47   49.25  173.53  2.31
  61    61 L    62 K    63 K    64 H A   101.45  1.52   51.24    3.75  2.25
  62    62 K    63 K    64 H    65 G A    98.62  1.48   48.94    2.34  2.34
  63    63 K    64 H    65 G    66 V A   105.90  1.68   60.13    4.40  2.14
  64    64 H    65 G    66 V    67 T A   100.41  1.54   51.96    7.10  2.30
  65    65 G    66 V    67 T    68 V A   100.98  1.52   50.91    7.64  2.26
  66    66 V    67 T    68 V    69 L A    93.79  1.49   45.62    3.25  2.42
  67    67 T    68 V    69 L    70 T A    92.45  1.38   41.41    2.01  2.49
  68    68 V    69 L    70 T    71 A A   105.44  1.67   58.45    8.47  2.18
  69    69 L    70 T    71 A    72 L A    96.83  1.35   43.27   10.96  2.42
  70    70 T    71 A    72 L    73 G A    96.66  1.49   47.29   11.08  2.37
  71    71 A    72 L    73 G    74 A A   100.41  1.55   51.86   10.49  2.25
  72    72 L    73 G    74 A    75 I A    97.96  1.51   49.66    4.69  2.32
  73    73 G    74 A    75 I    76 L A    98.63  1.49   48.86    2.53  2.31
  74    74 A    75 I    76 L    77 K A    99.14  1.53   50.08    2.38  2.31
  75    75 I    76 L    77 K    78 K A   104.09  1.70   59.12    4.51  2.19
  76    76 L    77 K    78 K    79 K A   109.13  1.78   66.04    3.57  2.08
  77    77 K    78 K    79 K    80 G A   207.91  2.63  219.30  128.05  1.42
  78    78 K    79 K    80 G    81 H A   268.98  1.24  323.41  154.18  2.54
  79    79 K    80 G    81 H    82 H A   127.99  2.46  105.55  115.98  1.61
  80    80 G    81 H    82 H    83 E A   135.27  2.70  122.05   71.12  1.42
  81    81 H    82 H    83 E    84 A A   137.53  2.77  124.12   76.61  1.38
  82    82 H    83 E    84 A    85 E A    93.89  1.47   44.99   49.56  2.42
  83    83 E    84 A    85 E    86 L A    96.13  1.53   48.07   48.94  2.34
  84    84 A    85 E    86 L    87 K A    92.84  1.57   46.98   47.75  2.41
  85    85 E    86 L    87 K    88 P A   106.05  2.22   74.97   15.76  1.94
  86    86 L    87 K    88 P    89 L A    91.55  1.35   39.83   31.99  2.51
  87    87 K    88 P    89 L    90 A A    99.28  1.59   51.97   28.57  2.27
  88    88 P    89 L    90 A    91 Q A    96.91  1.41   45.66   19.28  2.37
  89    89 L    90 A    91 Q    92 S A    97.92  1.57   50.69    6.24  2.28
  90    90 A    91 Q    92 S    93 H A    90.76  1.33   39.15    5.31  2.51
  91    91 Q    92 S    93 H    94 A A    97.76  1.57   50.24    6.42  2.30
  92    92 S    93 H    94 A    95 T A    89.81  1.31   37.93    6.66  2.53
  93    93 H    94 A    95 T    96 K A    77.91  0.98   23.62   14.57  2.95
  94    94 A    95 T    96 K    97 H A    76.72  1.07   24.83   10.38  2.93
  95    95 T    96 K    97 H    98 K A    83.85  1.11   29.58    7.79  2.72
  96    96 K    97 H    98 K    99 I A   206.35  2.72  215.95  105.97  1.35
  97    97 H    98 K    99 I   100 P A   167.03  1.61  171.44   42.06  1.14
  98    98 K    99 I   100 P   101 I A   218.79  3.17  226.54   69.72  1.14
  99    99 I   100 P   101 I   102 K A   229.02  2.59  241.88   27.27  1.44
 100   100 P   101 I   102 K   103 Y A   110.41  1.80   68.76   72.74  2.04
 101   101 I   102 K   103 Y   104 L A   102.36  1.57   54.35  116.24  2.23
 102   102 K   103 Y   104 L   105 E A   105.39  1.59   57.02  130.85  2.18
 103   103 Y   104 L   105 E   106 F A   103.46  1.51   53.04    5.10  2.24
 104   104 L   105 E   106 F   107 I A    99.24  1.54   50.91    2.74  2.29
 105   105 E   106 F   107 I   108 S A    97.88  1.44   47.16    1.88  2.33
 106   106 F   107 I   108 S   109 E A   102.76  1.59   55.46    4.30  2.22
 107   107 I   108 S   109 E   110 A A    99.82  1.41   47.17    5.73  2.32
 108   108 S   109 E   110 A   111 I A   101.92  1.56   53.10    6.15  2.25
 109   109 E   110 A   111 I   112 I A   100.87  1.54   52.28    6.16  2.26
 110   110 A   111 I   112 I   113 H A    96.82  1.42   46.07    6.47  2.37
 111   111 I   112 I   113 H   114 V A    98.39  1.56   50.21    4.87  2.30
 112   112 I   113 H   114 V   115 L A    99.79  1.55   51.53    4.62  2.28
 113   113 H   114 V   115 L   116 H A   102.16  1.59   54.97    2.39  2.23
 114   114 V   115 L   116 H   117 S A   106.81  1.56   57.58    1.33  2.15
 115   115 L   116 H   117 S   118 R A    95.51  1.35   43.53    6.54  2.39
 116   116 H   117 S   118 R   119 H A    84.33  1.38   36.44    5.86  2.63
 117   117 S   118 R   119 H   120 P A    80.12  1.16   28.77    1.52  2.84
 118   118 R   119 H   120 P   121 G A   155.23  2.75  147.39   42.11  1.33
 119   119 H   120 P   121 G   122 D A    98.96  1.52   50.10   96.09  2.28
 120   120 P   121 G   122 D   123 F A    75.30  1.06   25.41   99.82  2.99
 121   121 G   122 D   123 F   124 G A   112.12  2.45   89.37   86.43  1.64
 122   122 D   123 F   124 G   125 A A   197.84  0.76  185.56  125.06  1.10
 123   123 F   124 G   125 A   126 D A   247.93  2.58  265.89  151.00  1.57
 124   124 G   125 A   126 D   127 A A   101.81  1.56   52.88   66.00  2.23
 125   125 A   126 D   127 A   128 Q A    96.78  1.45   46.89  114.71  2.38
 126   126 D   127 A   128 Q   129 G A   101.09  1.53   51.85  104.54  2.25
 127   127 A   128 Q   129 G   130 A A   100.29  1.52   51.28    3.27  2.27
 128   128 Q   129 G   130 A   131 M A    94.72  1.43   44.87    4.15  2.37
 129   129 G   130 A   131 M   132 N A    97.60  1.58   51.37    4.68  2.28
 130   130 A   131 M   132 N   133 K A   100.80  1.53   51.98    4.08  2.27
 131   131 M   132 N   133 K   134 A A   101.86  1.47   50.00    5.19  2.26
 132   132 N   133 K   134 A   135 L A    98.21  1.53   49.80    2.92  2.34
 133   133 K   134 A   135 L   136 E A    97.53  1.40   45.47    2.58  2.36
 134   134 A   135 L   136 E   137 L A   101.97  1.56   53.35    4.52  2.25
 135   135 L   136 E   137 L   138 F A   101.76  1.47   50.54    4.84  2.26
 136   136 E   137 L   138 F   139 R A    99.78  1.54   51.65    4.12  2.29
 137   137 L   138 F   139 R   140 K A    96.43  1.37   43.61    3.32  2.38
 138   138 F   139 R   140 K   141 D A   100.39  1.66   54.83    7.33  2.24
 139   139 R   140 K   141 D   142 I A    94.62  1.42   44.44    8.59  2.42
 140   140 K   141 D   142 I   143 A A    98.30  1.47   47.63    9.21  2.33
 141   141 D   142 I   143 A   144 A A   102.72  1.61   55.30    9.58  2.23
 142   142 I   143 A   144 A   145 K A   103.29  1.65   57.15    3.28  2.19
 143   143 A   144 A   145 K   146 Y A    96.10  1.37   43.90   10.78  2.41
 144   144 A   145 K   146 Y   147 K A   102.69  1.58   54.37    9.15  2.21
 145   145 K   146 Y   147 K   148 E A   100.18  1.47   49.43    8.00  2.30
 146   146 Y   147 K   148 E   149 L A   101.25  1.55   52.76    5.53  2.25
 147   147 K   148 E   149 L   150 G A    97.30  1.45   46.77    2.99  2.36
 148   148 E   149 L   150 G   151 Y A   232.68  2.50  254.97   94.08  1.63
 149   149 L   150 G   151 Y   152 Q A   122.56  2.52  100.52  119.53  1.66
 150   150 G   151 Y   152 Q   153 G A    94.12  2.40   68.42  113.25  1.98
================================================================================
 DESCRIPTION OF THE RECORD
================================================================================
 Res1      : CA atom of ith residue of the repeating unit.
 Res2      : CA atom of (i+1)th residue of the repeating unit.
 Res3      : CA atom of (i+2)th residue of the repeating unit.
 Res4      : CA atom of (i+3)th residue of the repeating unit.
 ch        : Chain identifier of the repeating unit.
 Twist     : Translation along the helical axis per repeating unit (Deg.).
 h         : Rise per Residue along the helical axis per repeating unit (Ang.).
 Vtor      : Virtual torsional angle per repeating unit (Deg.).
 BA        : Bending angle b/w local helix axes of two successive turns(Deg.).
 Radius    : Radius of least squares circle fitted per repeating unit (Ang.).
================================================================================