1ACJ:A|PDBID|CHAIN|SEQUENCE	P04058.2	100.000	535	0	0	1	535	22	556	0.0	1117
1ACJ:A|PDBID|CHAIN|SEQUENCE	P07692.2	97.383	535	14	0	1	535	25	559	0.0	1090
1ACJ:A|PDBID|CHAIN|SEQUENCE	Q92035.2	66.165	532	180	0	5	536	36	567	0.0	768
1ACJ:A|PDBID|CHAIN|SEQUENCE	Q9DDE3.1	65.669	568	159	5	5	536	28	595	0.0	752
1ACJ:A|PDBID|CHAIN|SEQUENCE	O42275.1	65.785	567	159	5	5	536	28	594	0.0	748
1ACJ:A|PDBID|CHAIN|SEQUENCE	P21836.1	58.998	539	215	3	5	537	38	576	0.0	687
1ACJ:A|PDBID|CHAIN|SEQUENCE	P37136.1	58.813	539	216	3	5	537	38	576	0.0	686
1ACJ:A|PDBID|CHAIN|SEQUENCE	O62763.1	58.487	542	219	3	2	537	32	573	0.0	686
1ACJ:A|PDBID|CHAIN|SEQUENCE	P22303.1	57.565	542	224	3	2	537	35	576	0.0	681
1ACJ:A|PDBID|CHAIN|SEQUENCE	P23795.2	59.961	517	201	3	27	537	59	575	0.0	672
1ACJ:A|PDBID|CHAIN|SEQUENCE	Q29499.1	57.749	542	223	3	2	537	5	546	0.0	666
1ACJ:A|PDBID|CHAIN|SEQUENCE	P81908.1	53.659	533	247	0	3	535	1	533	0.0	654
1ACJ:A|PDBID|CHAIN|SEQUENCE	O62760.1	53.846	533	246	0	3	535	29	561	0.0	650
1ACJ:A|PDBID|CHAIN|SEQUENCE	P32749.2	54.237	531	243	0	5	535	31	561	0.0	648
1ACJ:A|PDBID|CHAIN|SEQUENCE	O62761.1	53.659	533	247	0	3	535	29	561	0.0	645
1ACJ:A|PDBID|CHAIN|SEQUENCE	P21927.1	53.184	534	249	1	3	535	7	540	0.0	642
1ACJ:A|PDBID|CHAIN|SEQUENCE	P06276.1	53.484	531	247	0	5	535	31	561	0.0	636
1ACJ:A|PDBID|CHAIN|SEQUENCE	Q03311.2	52.919	531	250	0	5	535	32	562	0.0	623
1ACJ:A|PDBID|CHAIN|SEQUENCE	Q86GC8.2	46.852	540	277	6	2	535	129	664	2.79e-177	519
1ACJ:A|PDBID|CHAIN|SEQUENCE	Q869C3.3	46.863	542	276	7	1	535	161	697	2.78e-175	515
1ACJ:A|PDBID|CHAIN|SEQUENCE	Q27677.1	40.901	555	298	8	1	531	36	584	1.37e-148	443
1ACJ:A|PDBID|CHAIN|SEQUENCE	Q92081.1	58.112	339	141	1	101	439	1	338	1.43e-144	422
1ACJ:A|PDBID|CHAIN|SEQUENCE	Q27459.1	42.884	534	277	10	27	535	42	572	2.26e-143	429
1ACJ:A|PDBID|CHAIN|SEQUENCE	P38433.1	43.017	537	272	12	27	535	42	572	4.92e-142	426
1ACJ:A|PDBID|CHAIN|SEQUENCE	P56161.1	39.755	571	295	9	5	531	33	598	1.51e-140	423
1ACJ:A|PDBID|CHAIN|SEQUENCE	P07140.1	36.851	578	303	12	5	531	42	608	4.73e-131	399
1ACJ:A|PDBID|CHAIN|SEQUENCE	Q95000.1	50.279	358	168	5	90	440	3	357	1.97e-120	361
1ACJ:A|PDBID|CHAIN|SEQUENCE	Q9NDG8.1	38.208	547	305	13	6	526	27	566	5.03e-118	363
1ACJ:A|PDBID|CHAIN|SEQUENCE	Q95001.1	48.824	340	168	4	102	439	2	337	7.52e-114	343
1ACJ:A|PDBID|CHAIN|SEQUENCE	P36196.1	57.705	305	126	2	8	309	32	336	1.17e-106	339
1ACJ:A|PDBID|CHAIN|SEQUENCE	P36196.1	56.364	220	95	1	316	535	509	727	3.16e-83	277
1ACJ:A|PDBID|CHAIN|SEQUENCE	Q8NFZ3.1	33.217	575	320	16	7	536	47	602	2.80e-97	315
1ACJ:A|PDBID|CHAIN|SEQUENCE	Q8BYM5.2	33.675	585	314	14	8	533	41	610	3.03e-97	315
1ACJ:A|PDBID|CHAIN|SEQUENCE	Q8N0W4.1	32.925	571	327	15	7	536	47	602	6.22e-97	315
1ACJ:A|PDBID|CHAIN|SEQUENCE	Q9NZ94.2	32.727	605	313	14	8	533	44	633	7.52e-95	310
1ACJ:A|PDBID|CHAIN|SEQUENCE	Q62889.1	32.727	605	313	14	8	533	44	633	1.02e-94	309
1ACJ:A|PDBID|CHAIN|SEQUENCE	Q8BK48.1	37.112	547	296	21	2	530	28	544	5.14e-92	295
1ACJ:A|PDBID|CHAIN|SEQUENCE	W4VSJ0.1	34.066	546	317	18	7	528	31	557	5.14e-92	295
1ACJ:A|PDBID|CHAIN|SEQUENCE	Q6NT32.1	35.490	541	313	13	9	536	34	551	1.58e-91	294
1ACJ:A|PDBID|CHAIN|SEQUENCE	Q99K10.2	32.836	603	318	19	2	533	49	635	5.02e-91	300
1ACJ:A|PDBID|CHAIN|SEQUENCE	Q8N2Q7.2	32.781	604	314	19	2	533	49	632	6.03e-91	299
1ACJ:A|PDBID|CHAIN|SEQUENCE	Q62765.1	32.504	603	320	18	2	533	49	635	9.99e-91	299
1ACJ:A|PDBID|CHAIN|SEQUENCE	Q6AW47.1	35.478	544	302	15	8	535	40	550	5.22e-90	290
1ACJ:A|PDBID|CHAIN|SEQUENCE	Q29550.1	37.117	555	290	22	7	530	26	552	1.33e-89	289
1ACJ:A|PDBID|CHAIN|SEQUENCE	Q6AW46.1	35.556	540	314	13	10	537	35	552	1.66e-89	289
1ACJ:A|PDBID|CHAIN|SEQUENCE	Q04791.1	35.240	542	310	18	8	533	32	548	2.08e-89	288
1ACJ:A|PDBID|CHAIN|SEQUENCE	P23953.4	35.531	546	300	21	7	530	25	540	1.61e-86	280
1ACJ:A|PDBID|CHAIN|SEQUENCE	Q64176.1	35.495	555	311	20	7	536	26	558	3.32e-86	280
1ACJ:A|PDBID|CHAIN|SEQUENCE	Q69ZK9.2	33.105	583	319	15	7	533	43	610	5.38e-86	286
1ACJ:A|PDBID|CHAIN|SEQUENCE	Q8NFZ4.1	32.762	583	321	14	7	533	43	610	5.45e-86	286
1ACJ:A|PDBID|CHAIN|SEQUENCE	Q91WG0.1	35.065	539	304	20	9	530	37	546	7.72e-86	279
1ACJ:A|PDBID|CHAIN|SEQUENCE	P14943.2	35.727	543	308	19	2	530	2	517	9.19e-86	278
1ACJ:A|PDBID|CHAIN|SEQUENCE	Q8QZR3.1	37.153	541	303	19	2	530	28	543	1.38e-85	278
1ACJ:A|PDBID|CHAIN|SEQUENCE	Q8I034.1	36.075	535	300	17	8	529	40	545	1.65e-85	277
1ACJ:A|PDBID|CHAIN|SEQUENCE	Q62888.1	32.933	583	320	15	7	533	43	610	2.23e-85	284
1ACJ:A|PDBID|CHAIN|SEQUENCE	O00748.1	34.991	563	300	23	1	536	27	550	5.45e-85	276
1ACJ:A|PDBID|CHAIN|SEQUENCE	P16303.2	34.909	550	309	21	7	530	25	551	1.35e-84	276
1ACJ:A|PDBID|CHAIN|SEQUENCE	Q64573.2	33.821	547	319	19	7	530	25	551	1.35e-84	275
1ACJ:A|PDBID|CHAIN|SEQUENCE	Q8VCT4.1	34.973	549	310	20	7	530	25	551	6.00e-84	274
1ACJ:A|PDBID|CHAIN|SEQUENCE	Q91WU0.1	34.358	553	308	19	7	530	25	551	2.74e-83	272
1ACJ:A|PDBID|CHAIN|SEQUENCE	P30122.2	31.703	552	333	15	8	537	24	553	2.79e-83	273
1ACJ:A|PDBID|CHAIN|SEQUENCE	Q63010.1	33.333	549	319	21	7	530	25	551	3.69e-83	271
1ACJ:A|PDBID|CHAIN|SEQUENCE	Q5GRG2.1	34.007	544	317	15	10	537	35	552	5.28e-83	271
1ACJ:A|PDBID|CHAIN|SEQUENCE	Q6UWW8.1	33.088	544	323	17	8	533	36	556	3.53e-82	270
1ACJ:A|PDBID|CHAIN|SEQUENCE	Q5XG92.2	34.871	542	304	16	8	524	29	546	6.85e-82	268
1ACJ:A|PDBID|CHAIN|SEQUENCE	O46421.1	35.636	550	306	20	7	530	25	552	1.57e-81	268
1ACJ:A|PDBID|CHAIN|SEQUENCE	P23141.2	34.901	553	307	20	7	530	25	553	2.24e-81	267
1ACJ:A|PDBID|CHAIN|SEQUENCE	Q8R0W5.2	34.323	539	324	15	5	527	33	557	2.88e-81	267
1ACJ:A|PDBID|CHAIN|SEQUENCE	Q64419.1	34.758	538	315	19	9	533	35	549	4.84e-81	266
1ACJ:A|PDBID|CHAIN|SEQUENCE	P12337.3	34.191	544	322	18	7	530	25	552	5.94e-81	266
1ACJ:A|PDBID|CHAIN|SEQUENCE	Q5RCL7.2	33.087	541	319	17	8	529	34	550	2.87e-79	262
1ACJ:A|PDBID|CHAIN|SEQUENCE	Q63108.1	34.286	560	314	22	7	537	25	559	3.16e-77	256
1ACJ:A|PDBID|CHAIN|SEQUENCE	P10959.3	33.395	539	319	17	7	530	25	538	1.65e-75	251
1ACJ:A|PDBID|CHAIN|SEQUENCE	P0C6R3.1	33.211	545	319	16	5	527	26	547	3.09e-75	251
1ACJ:A|PDBID|CHAIN|SEQUENCE	Q8VCC2.1	34.364	550	312	21	7	530	25	551	5.37e-75	250
1ACJ:A|PDBID|CHAIN|SEQUENCE	Q8VCU1.2	34.608	549	299	18	8	530	39	553	7.16e-75	250
1ACJ:A|PDBID|CHAIN|SEQUENCE	P07882.2	31.509	530	315	16	27	532	48	553	8.39e-74	248
1ACJ:A|PDBID|CHAIN|SEQUENCE	Q63880.2	33.883	546	307	19	8	530	39	553	6.27e-73	245
1ACJ:A|PDBID|CHAIN|SEQUENCE	P19835.3	31.608	541	324	15	8	525	26	543	2.03e-72	248
1ACJ:A|PDBID|CHAIN|SEQUENCE	B0F2B4.1	28.264	651	331	17	7	531	30	670	4.06e-72	250
1ACJ:A|PDBID|CHAIN|SEQUENCE	Q64285.1	31.343	536	318	16	27	537	48	558	4.80e-72	243
1ACJ:A|PDBID|CHAIN|SEQUENCE	P37967.2	31.384	513	292	14	7	508	5	468	2.45e-67	228
1ACJ:A|PDBID|CHAIN|SEQUENCE	P32750.1	66.429	140	47	0	71	210	2	141	2.14e-66	214
1ACJ:A|PDBID|CHAIN|SEQUENCE	P32751.1	65.714	140	48	0	71	210	2	141	3.72e-66	213
1ACJ:A|PDBID|CHAIN|SEQUENCE	P32753.1	66.906	139	46	0	72	210	3	141	6.62e-66	213
1ACJ:A|PDBID|CHAIN|SEQUENCE	Q04456.1	31.284	553	314	23	7	527	19	537	8.35e-66	226
1ACJ:A|PDBID|CHAIN|SEQUENCE	P32752.1	66.187	139	47	0	72	210	3	141	1.16e-65	212
1ACJ:A|PDBID|CHAIN|SEQUENCE	P01266.5	29.114	553	345	15	3	536	2206	2730	1.80e-65	234
1ACJ:A|PDBID|CHAIN|SEQUENCE	Q3T930.1	35.338	399	230	9	92	480	1	381	3.94e-63	214
1ACJ:A|PDBID|CHAIN|SEQUENCE	Q47M62.1	32.596	497	282	13	5	485	2	461	1.64e-62	216
1ACJ:A|PDBID|CHAIN|SEQUENCE	P86325.1	32.394	497	283	13	5	485	2	461	5.74e-62	214
1ACJ:A|PDBID|CHAIN|SEQUENCE	O08710.3	29.213	534	324	16	26	534	2223	2727	2.60e-57	210
1ACJ:A|PDBID|CHAIN|SEQUENCE	P01267.1	28.774	563	337	17	3	537	2207	2733	3.79e-57	210
1ACJ:A|PDBID|CHAIN|SEQUENCE	P06882.4	28.839	534	326	17	26	534	2225	2729	1.73e-55	205
1ACJ:A|PDBID|CHAIN|SEQUENCE	P35502.1	31.568	491	278	19	27	488	49	510	6.03e-55	197
1ACJ:A|PDBID|CHAIN|SEQUENCE	Q04457.1	28.159	554	331	22	7	527	19	538	1.45e-54	196
1ACJ:A|PDBID|CHAIN|SEQUENCE	Q9UKY3.2	42.593	270	135	9	7	265	26	286	2.41e-54	187
1ACJ:A|PDBID|CHAIN|SEQUENCE	Q07085.3	29.388	490	303	12	27	496	36	502	2.74e-54	195
1ACJ:A|PDBID|CHAIN|SEQUENCE	P35501.1	31.161	491	280	19	27	488	49	510	1.30e-53	193
1ACJ:A|PDBID|CHAIN|SEQUENCE	P20261.3	32.549	510	274	22	29	501	37	513	1.24e-50	185
1ACJ:A|PDBID|CHAIN|SEQUENCE	B2D0J5.1	29.870	539	289	21	8	502	28	521	4.53e-50	183
1ACJ:A|PDBID|CHAIN|SEQUENCE	D2D3B6.1	38.166	338	174	11	2	331	50	360	4.72e-49	180
1ACJ:A|PDBID|CHAIN|SEQUENCE	P21837.1	31.340	485	287	20	13	486	41	490	4.66e-48	178
1ACJ:A|PDBID|CHAIN|SEQUENCE	Q867X2.1	56.250	128	56	0	27	154	5	132	9.51e-48	165
1ACJ:A|PDBID|CHAIN|SEQUENCE	P32949.1	31.778	450	255	15	29	444	37	468	8.26e-47	174
1ACJ:A|PDBID|CHAIN|SEQUENCE	P18142.3	29.550	511	314	17	7	507	33	507	9.74e-47	174
1ACJ:A|PDBID|CHAIN|SEQUENCE	P32947.1	32.450	453	248	16	29	444	37	468	1.72e-46	173
1ACJ:A|PDBID|CHAIN|SEQUENCE	P32948.1	31.498	454	249	17	29	436	37	474	1.81e-46	173
1ACJ:A|PDBID|CHAIN|SEQUENCE	P16854.1	27.866	506	311	16	6	483	6	485	2.44e-46	173
1ACJ:A|PDBID|CHAIN|SEQUENCE	P32946.1	31.556	450	254	17	30	444	37	467	2.66e-46	173
1ACJ:A|PDBID|CHAIN|SEQUENCE	Q5UR02.1	31.325	498	273	19	8	473	25	485	3.06e-46	173
1ACJ:A|PDBID|CHAIN|SEQUENCE	Q01470.1	29.389	524	309	17	7	516	6	482	4.05e-45	169
1ACJ:A|PDBID|CHAIN|SEQUENCE	Q08662.1	29.735	528	280	22	1	481	21	504	4.35e-45	169
1ACJ:A|PDBID|CHAIN|SEQUENCE	P47982.1	30.058	519	290	20	1	481	21	504	1.46e-44	168
1ACJ:A|PDBID|CHAIN|SEQUENCE	P22394.2	28.972	535	297	18	22	506	35	536	5.97e-44	167
1ACJ:A|PDBID|CHAIN|SEQUENCE	P79066.1	28.972	535	297	18	22	506	35	536	6.09e-44	167
1ACJ:A|PDBID|CHAIN|SEQUENCE	P17573.2	34.384	349	184	12	22	331	35	377	8.46e-44	166
1ACJ:A|PDBID|CHAIN|SEQUENCE	D4B1N9.1	34.743	331	186	13	27	333	49	373	3.03e-43	165
1ACJ:A|PDBID|CHAIN|SEQUENCE	P08171.2	29.207	517	297	19	1	481	23	506	1.52e-42	162
1ACJ:A|PDBID|CHAIN|SEQUENCE	Q9XTG1.1	25.514	584	340	25	27	537	45	606	3.51e-42	164
1ACJ:A|PDBID|CHAIN|SEQUENCE	P18167.2	32.537	335	197	10	6	330	25	340	3.46e-41	159
1ACJ:A|PDBID|CHAIN|SEQUENCE	P25726.2	31.953	338	205	11	1	330	21	341	2.93e-40	156
1ACJ:A|PDBID|CHAIN|SEQUENCE	O16172.1	31.657	338	206	11	1	330	21	341	3.74e-40	155
1ACJ:A|PDBID|CHAIN|SEQUENCE	P12992.2	27.853	517	322	17	6	493	28	522	7.86e-39	152
1ACJ:A|PDBID|CHAIN|SEQUENCE	O16170.1	31.361	338	207	11	1	330	21	341	1.69e-38	151
1ACJ:A|PDBID|CHAIN|SEQUENCE	P25725.1	31.563	339	205	11	1	330	21	341	2.84e-38	150
1ACJ:A|PDBID|CHAIN|SEQUENCE	D4ASH1.2	29.193	483	292	17	27	485	42	498	3.36e-38	150
1ACJ:A|PDBID|CHAIN|SEQUENCE	O16171.1	31.563	339	205	11	1	330	21	341	1.45e-37	148
1ACJ:A|PDBID|CHAIN|SEQUENCE	O16169.1	31.563	339	205	11	1	330	21	341	1.91e-37	148
1ACJ:A|PDBID|CHAIN|SEQUENCE	P25727.3	31.563	339	195	14	6	330	29	344	6.55e-37	147
1ACJ:A|PDBID|CHAIN|SEQUENCE	O16168.1	30.973	339	197	14	6	330	29	344	3.76e-36	144
1ACJ:A|PDBID|CHAIN|SEQUENCE	O16173.1	30.973	339	197	14	6	330	29	344	6.65e-36	144
1ACJ:A|PDBID|CHAIN|SEQUENCE	Q05487.1	29.213	356	222	12	6	352	23	357	3.58e-30	127
1ACJ:A|PDBID|CHAIN|SEQUENCE	P81429.1	37.566	189	87	7	8	184	27	196	2.83e-25	106
1ACJ:A|PDBID|CHAIN|SEQUENCE	Q7LZG1.2	39.583	192	24	6	193	384	69	168	2.93e-23	100
1ACJ:A|PDBID|CHAIN|SEQUENCE	Q7LZG1.2	42.157	102	18	3	4	105	1	61	7.73e-11	64.3
1ACJ:A|PDBID|CHAIN|SEQUENCE	O94493.2	27.073	410	252	14	30	415	40	426	3.72e-23	106
1ACJ:A|PDBID|CHAIN|SEQUENCE	P23654.3	30.769	260	155	7	29	283	380	619	2.85e-22	104
1ACJ:A|PDBID|CHAIN|SEQUENCE	P33438.2	25.676	518	336	23	13	503	68	563	5.34e-22	103
1ACJ:A|PDBID|CHAIN|SEQUENCE	D4AZ78.1	28.571	273	166	10	76	332	60	319	3.88e-20	97.1
1ACJ:A|PDBID|CHAIN|SEQUENCE	A1CFK9.1	26.437	348	198	11	29	328	44	381	1.88e-19	95.1
1ACJ:A|PDBID|CHAIN|SEQUENCE	Q8WMH2.1	30.935	139	77	3	413	533	1	138	7.37e-18	85.1
1ACJ:A|PDBID|CHAIN|SEQUENCE	Q96VC9.1	32.579	221	128	8	22	228	17	230	7.52e-17	86.7
1ACJ:A|PDBID|CHAIN|SEQUENCE	Q99156.2	37.410	139	70	5	105	228	89	225	2.13e-13	75.9
1ACJ:A|PDBID|CHAIN|SEQUENCE	P04058.2	100.000	535	0	0	1	535	22	556	0.0	834
1ACJ:A|PDBID|CHAIN|SEQUENCE	P07692.2	97.383	535	14	0	1	535	25	559	0.0	822
1ACJ:A|PDBID|CHAIN|SEQUENCE	Q92035.2	65.918	534	182	0	3	536	34	567	0.0	782
1ACJ:A|PDBID|CHAIN|SEQUENCE	O62760.1	53.846	533	246	0	3	535	29	561	0.0	767
1ACJ:A|PDBID|CHAIN|SEQUENCE	P21927.1	53.008	532	250	0	4	535	9	540	0.0	766
1ACJ:A|PDBID|CHAIN|SEQUENCE	P81908.1	53.659	533	247	0	3	535	1	533	0.0	766
1ACJ:A|PDBID|CHAIN|SEQUENCE	P32749.2	54.034	533	245	0	3	535	29	561	0.0	765
1ACJ:A|PDBID|CHAIN|SEQUENCE	O62761.1	53.659	533	247	0	3	535	29	561	0.0	764
1ACJ:A|PDBID|CHAIN|SEQUENCE	P06276.1	53.283	533	249	0	3	535	29	561	0.0	762
1ACJ:A|PDBID|CHAIN|SEQUENCE	Q03311.2	52.720	533	252	0	3	535	30	562	0.0	749
1ACJ:A|PDBID|CHAIN|SEQUENCE	P21836.1	58.303	542	220	3	2	537	35	576	0.0	747
1ACJ:A|PDBID|CHAIN|SEQUENCE	P22303.1	57.380	542	225	3	2	537	35	576	0.0	745
1ACJ:A|PDBID|CHAIN|SEQUENCE	P37136.1	58.118	542	221	3	2	537	35	576	0.0	745
1ACJ:A|PDBID|CHAIN|SEQUENCE	O62763.1	58.303	542	220	3	2	537	32	573	0.0	744
1ACJ:A|PDBID|CHAIN|SEQUENCE	O42275.1	64.974	571	165	4	1	536	24	594	0.0	738
1ACJ:A|PDBID|CHAIN|SEQUENCE	Q9DDE3.1	65.088	570	163	4	3	536	26	595	0.0	732
1ACJ:A|PDBID|CHAIN|SEQUENCE	P23795.2	58.303	542	220	3	2	537	34	575	0.0	725
1ACJ:A|PDBID|CHAIN|SEQUENCE	Q29499.1	57.565	542	224	3	2	537	5	546	0.0	715
1ACJ:A|PDBID|CHAIN|SEQUENCE	Q86GC8.2	46.765	541	278	6	2	536	129	665	0.0	704
1ACJ:A|PDBID|CHAIN|SEQUENCE	Q869C3.3	46.679	542	279	6	1	536	161	698	0.0	704
1ACJ:A|PDBID|CHAIN|SEQUENCE	Q27677.1	40.364	550	301	6	4	531	40	584	0.0	650
1ACJ:A|PDBID|CHAIN|SEQUENCE	P12337.3	33.333	549	330	17	2	530	20	552	0.0	622
1ACJ:A|PDBID|CHAIN|SEQUENCE	P16303.2	33.698	549	327	17	2	530	20	551	0.0	620
1ACJ:A|PDBID|CHAIN|SEQUENCE	Q64176.1	33.877	552	334	16	2	536	21	558	0.0	619
1ACJ:A|PDBID|CHAIN|SEQUENCE	Q29550.1	34.369	547	328	16	1	530	20	552	0.0	618
1ACJ:A|PDBID|CHAIN|SEQUENCE	Q64573.2	32.724	547	337	16	1	530	19	551	0.0	617
1ACJ:A|PDBID|CHAIN|SEQUENCE	Q8VCT4.1	33.880	549	326	17	2	530	20	551	0.0	616
1ACJ:A|PDBID|CHAIN|SEQUENCE	Q91WU0.1	33.700	546	335	14	1	531	19	552	0.0	615
1ACJ:A|PDBID|CHAIN|SEQUENCE	O46421.1	33.638	547	333	16	2	531	20	553	0.0	613
1ACJ:A|PDBID|CHAIN|SEQUENCE	P23141.2	33.090	547	337	16	2	531	20	554	0.0	613
1ACJ:A|PDBID|CHAIN|SEQUENCE	Q8BK48.1	35.596	545	315	17	1	533	27	547	0.0	613
1ACJ:A|PDBID|CHAIN|SEQUENCE	Q6AW47.1	34.552	547	324	13	3	537	28	552	0.0	611
1ACJ:A|PDBID|CHAIN|SEQUENCE	P56161.1	39.161	572	299	7	4	531	32	598	0.0	611
1ACJ:A|PDBID|CHAIN|SEQUENCE	Q63010.1	32.358	547	339	16	1	530	19	551	0.0	608
1ACJ:A|PDBID|CHAIN|SEQUENCE	Q6AW46.1	35.165	546	320	13	4	537	29	552	0.0	607
1ACJ:A|PDBID|CHAIN|SEQUENCE	Q8N0W4.1	32.168	572	332	12	6	536	46	602	0.0	604
1ACJ:A|PDBID|CHAIN|SEQUENCE	Q8NFZ3.1	32.343	572	331	12	6	536	46	602	0.0	603
1ACJ:A|PDBID|CHAIN|SEQUENCE	Q91WG0.1	33.211	545	334	16	2	537	30	553	0.0	601
1ACJ:A|PDBID|CHAIN|SEQUENCE	O00748.1	33.394	551	325	17	1	536	27	550	0.0	598
1ACJ:A|PDBID|CHAIN|SEQUENCE	P23953.4	33.333	540	336	13	5	536	23	546	0.0	598
1ACJ:A|PDBID|CHAIN|SEQUENCE	P07140.1	35.417	576	320	8	4	533	41	610	0.0	596
1ACJ:A|PDBID|CHAIN|SEQUENCE	Q63108.1	33.333	552	340	15	2	537	20	559	0.0	595
1ACJ:A|PDBID|CHAIN|SEQUENCE	Q8BYM5.2	32.209	593	328	12	3	536	36	613	0.0	595
1ACJ:A|PDBID|CHAIN|SEQUENCE	Q8QZR3.1	35.543	543	317	16	1	533	27	546	0.0	594
1ACJ:A|PDBID|CHAIN|SEQUENCE	Q6NT32.1	34.991	543	319	13	6	536	31	551	0.0	592
1ACJ:A|PDBID|CHAIN|SEQUENCE	Q5GRG2.1	33.150	546	331	12	4	537	29	552	0.0	591
1ACJ:A|PDBID|CHAIN|SEQUENCE	Q8I034.1	34.015	538	321	13	3	528	28	543	0.0	591
1ACJ:A|PDBID|CHAIN|SEQUENCE	Q8VCC2.1	32.418	546	338	16	2	530	20	551	0.0	590
1ACJ:A|PDBID|CHAIN|SEQUENCE	Q64419.1	33.700	546	326	17	1	533	27	549	0.0	590
1ACJ:A|PDBID|CHAIN|SEQUENCE	Q9NZ94.2	31.321	613	327	12	3	536	39	636	0.0	590
1ACJ:A|PDBID|CHAIN|SEQUENCE	Q62889.1	31.321	613	327	12	3	536	39	636	0.0	589
1ACJ:A|PDBID|CHAIN|SEQUENCE	Q04791.1	33.517	543	332	14	1	533	25	548	0.0	588
1ACJ:A|PDBID|CHAIN|SEQUENCE	P38433.1	42.351	536	281	9	24	534	39	571	0.0	588
1ACJ:A|PDBID|CHAIN|SEQUENCE	Q62765.1	31.405	605	330	14	2	536	49	638	0.0	588
1ACJ:A|PDBID|CHAIN|SEQUENCE	Q8N2Q7.2	31.894	602	328	15	2	536	49	635	0.0	588
1ACJ:A|PDBID|CHAIN|SEQUENCE	Q27459.1	42.164	536	282	9	24	534	39	571	0.0	587
1ACJ:A|PDBID|CHAIN|SEQUENCE	P14943.2	33.952	539	325	15	1	530	1	517	0.0	587
1ACJ:A|PDBID|CHAIN|SEQUENCE	Q99K10.2	31.570	605	329	15	2	536	49	638	0.0	584
1ACJ:A|PDBID|CHAIN|SEQUENCE	P10959.3	33.945	545	330	15	2	536	20	544	0.0	584
1ACJ:A|PDBID|CHAIN|SEQUENCE	Q8R0W5.2	34.011	541	329	14	5	530	33	560	0.0	580
1ACJ:A|PDBID|CHAIN|SEQUENCE	Q5XG92.2	33.333	537	337	11	5	530	26	552	0.0	579
1ACJ:A|PDBID|CHAIN|SEQUENCE	Q6UWW8.1	32.661	545	332	15	4	533	32	556	0.0	570
1ACJ:A|PDBID|CHAIN|SEQUENCE	P0C6R3.1	33.022	536	332	13	5	527	26	547	0.0	570
1ACJ:A|PDBID|CHAIN|SEQUENCE	Q5RCL7.2	32.904	544	330	15	5	533	31	554	0.0	567
1ACJ:A|PDBID|CHAIN|SEQUENCE	Q63880.2	32.721	544	330	14	4	533	35	556	0.0	559
1ACJ:A|PDBID|CHAIN|SEQUENCE	Q8VCU1.2	33.456	544	324	14	5	533	36	556	0.0	558
1ACJ:A|PDBID|CHAIN|SEQUENCE	Q69ZK9.2	32.021	584	326	12	6	533	42	610	0.0	557
1ACJ:A|PDBID|CHAIN|SEQUENCE	Q8NFZ4.1	32.021	584	326	12	6	533	42	610	0.0	556
1ACJ:A|PDBID|CHAIN|SEQUENCE	Q62888.1	31.849	584	327	12	6	533	42	610	0.0	554
1ACJ:A|PDBID|CHAIN|SEQUENCE	P30122.2	31.273	550	338	14	8	537	24	553	0.0	541
1ACJ:A|PDBID|CHAIN|SEQUENCE	Q64285.1	30.325	554	341	15	8	537	26	558	0.0	541
1ACJ:A|PDBID|CHAIN|SEQUENCE	B0F2B4.1	27.301	652	338	14	7	532	30	671	0.0	540
1ACJ:A|PDBID|CHAIN|SEQUENCE	Q9NDG8.1	37.179	546	314	12	5	526	26	566	0.0	537
1ACJ:A|PDBID|CHAIN|SEQUENCE	P07882.2	30.601	549	336	15	8	532	26	553	0.0	533
1ACJ:A|PDBID|CHAIN|SEQUENCE	W4VSJ0.1	32.163	541	336	13	6	528	30	557	6.13e-175	507
1ACJ:A|PDBID|CHAIN|SEQUENCE	P19835.3	30.783	549	340	14	8	536	26	554	1.14e-174	514
1ACJ:A|PDBID|CHAIN|SEQUENCE	Q95000.1	48.883	358	177	3	88	440	1	357	1.99e-157	455
1ACJ:A|PDBID|CHAIN|SEQUENCE	Q3T930.1	35.338	399	230	9	92	480	1	381	9.39e-157	455
1ACJ:A|PDBID|CHAIN|SEQUENCE	O08710.3	27.469	557	356	15	3	535	2196	2728	1.80e-156	497
1ACJ:A|PDBID|CHAIN|SEQUENCE	P01266.5	28.233	549	348	13	11	536	2205	2730	2.89e-156	497
1ACJ:A|PDBID|CHAIN|SEQUENCE	P06882.4	27.555	548	349	15	12	535	2207	2730	6.70e-156	496
1ACJ:A|PDBID|CHAIN|SEQUENCE	Q04456.1	29.068	547	336	17	6	527	18	537	1.68e-155	458
1ACJ:A|PDBID|CHAIN|SEQUENCE	P37967.2	30.648	509	301	15	7	508	5	468	5.85e-155	454
1ACJ:A|PDBID|CHAIN|SEQUENCE	Q92081.1	58.112	339	141	1	101	439	1	338	2.20e-154	447
1ACJ:A|PDBID|CHAIN|SEQUENCE	P01267.1	27.706	545	356	13	11	536	2206	2731	7.43e-151	481
1ACJ:A|PDBID|CHAIN|SEQUENCE	Q04457.1	26.582	553	349	18	6	530	18	541	9.47e-148	438
1ACJ:A|PDBID|CHAIN|SEQUENCE	Q07085.3	27.203	522	356	11	13	523	22	530	2.94e-147	437
1ACJ:A|PDBID|CHAIN|SEQUENCE	Q08662.1	27.559	508	317	16	1	481	21	504	2.55e-145	431
1ACJ:A|PDBID|CHAIN|SEQUENCE	P08171.2	25.370	540	356	15	1	515	23	540	3.92e-145	431
1ACJ:A|PDBID|CHAIN|SEQUENCE	P47982.1	27.362	508	318	16	1	481	21	504	4.02e-145	431
1ACJ:A|PDBID|CHAIN|SEQUENCE	P18142.3	28.767	511	320	15	7	508	33	508	1.28e-143	427
1ACJ:A|PDBID|CHAIN|SEQUENCE	Q95001.1	48.824	340	168	4	102	439	2	337	1.25e-142	417
1ACJ:A|PDBID|CHAIN|SEQUENCE	P35502.1	28.008	507	324	13	3	488	24	510	4.31e-139	416
1ACJ:A|PDBID|CHAIN|SEQUENCE	P35501.1	27.613	507	326	13	3	488	24	510	1.36e-137	412
1ACJ:A|PDBID|CHAIN|SEQUENCE	B2D0J5.1	26.821	563	345	17	1	529	21	550	2.96e-137	411
1ACJ:A|PDBID|CHAIN|SEQUENCE	Q47M62.1	31.274	518	295	13	5	506	2	474	2.82e-136	407
1ACJ:A|PDBID|CHAIN|SEQUENCE	P86325.1	31.081	518	296	12	5	506	2	474	3.01e-136	407
1ACJ:A|PDBID|CHAIN|SEQUENCE	P25726.2	25.347	505	335	15	1	481	21	507	4.59e-135	405
1ACJ:A|PDBID|CHAIN|SEQUENCE	P36196.1	57.143	308	129	2	5	309	29	336	1.81e-134	411
1ACJ:A|PDBID|CHAIN|SEQUENCE	P36196.1	56.364	220	95	1	316	535	509	727	1.33e-84	281
1ACJ:A|PDBID|CHAIN|SEQUENCE	O16172.1	24.554	505	339	14	1	481	21	507	7.01e-134	402
1ACJ:A|PDBID|CHAIN|SEQUENCE	O16170.1	24.950	505	337	15	1	481	21	507	1.48e-132	399
1ACJ:A|PDBID|CHAIN|SEQUENCE	P21837.1	29.920	498	301	19	8	492	36	498	7.43e-132	397
1ACJ:A|PDBID|CHAIN|SEQUENCE	Q9XTG1.1	24.000	600	370	21	8	537	23	606	3.60e-131	403
1ACJ:A|PDBID|CHAIN|SEQUENCE	P79066.1	26.493	536	325	15	21	513	34	543	4.32e-131	396
1ACJ:A|PDBID|CHAIN|SEQUENCE	P22394.2	26.493	536	325	15	21	513	34	543	5.98e-131	395
1ACJ:A|PDBID|CHAIN|SEQUENCE	P25725.1	25.098	510	330	14	1	481	21	507	6.16e-131	395
1ACJ:A|PDBID|CHAIN|SEQUENCE	P32948.1	28.681	523	308	17	28	514	36	529	7.28e-131	395
1ACJ:A|PDBID|CHAIN|SEQUENCE	P32947.1	29.586	507	295	16	28	501	36	513	8.84e-131	394
1ACJ:A|PDBID|CHAIN|SEQUENCE	P25727.3	23.889	540	359	15	4	514	27	543	9.05e-131	394
1ACJ:A|PDBID|CHAIN|SEQUENCE	O16171.1	24.706	510	332	14	1	481	21	507	1.56e-130	393
1ACJ:A|PDBID|CHAIN|SEQUENCE	O16169.1	25.098	510	330	14	1	481	21	507	1.76e-130	393
1ACJ:A|PDBID|CHAIN|SEQUENCE	O16168.1	23.704	540	360	15	4	514	27	543	1.77e-130	394
1ACJ:A|PDBID|CHAIN|SEQUENCE	P20261.3	31.361	507	286	17	28	501	36	513	8.10e-130	392
1ACJ:A|PDBID|CHAIN|SEQUENCE	P18167.2	25.845	503	325	15	2	477	21	502	1.09e-129	392
1ACJ:A|PDBID|CHAIN|SEQUENCE	O16173.1	23.519	540	361	15	4	514	27	543	8.37e-129	389
1ACJ:A|PDBID|CHAIN|SEQUENCE	P17573.2	26.866	536	323	14	21	513	34	543	5.88e-126	382
1ACJ:A|PDBID|CHAIN|SEQUENCE	Q01470.1	28.489	523	321	15	4	516	3	482	6.78e-126	380
1ACJ:A|PDBID|CHAIN|SEQUENCE	P32949.1	28.489	523	309	17	28	514	36	529	1.18e-125	381
1ACJ:A|PDBID|CHAIN|SEQUENCE	P12992.2	24.630	540	363	15	5	520	27	546	1.45e-125	381
1ACJ:A|PDBID|CHAIN|SEQUENCE	P32946.1	28.713	505	298	16	30	501	37	512	2.81e-125	380
1ACJ:A|PDBID|CHAIN|SEQUENCE	P16854.1	25.594	547	361	18	4	524	4	530	2.92e-125	380
1ACJ:A|PDBID|CHAIN|SEQUENCE	D2D3B6.1	29.903	515	295	15	2	500	50	514	2.63e-114	352
1ACJ:A|PDBID|CHAIN|SEQUENCE	Q9UKY3.2	40.892	269	149	6	3	265	22	286	2.46e-113	340
1ACJ:A|PDBID|CHAIN|SEQUENCE	Q05487.1	24.351	501	330	15	3	477	20	497	6.31e-113	348
1ACJ:A|PDBID|CHAIN|SEQUENCE	Q5UR02.1	29.791	527	300	20	8	499	25	516	1.05e-112	349
1ACJ:A|PDBID|CHAIN|SEQUENCE	D4B1N9.1	27.032	529	317	20	6	497	32	528	3.26e-110	342
1ACJ:A|PDBID|CHAIN|SEQUENCE	D4ASH1.2	27.403	489	313	14	18	486	33	499	5.45e-109	339
1ACJ:A|PDBID|CHAIN|SEQUENCE	P33438.2	22.948	536	368	18	1	511	56	571	1.03e-96	318
1ACJ:A|PDBID|CHAIN|SEQUENCE	A1CFK9.1	21.881	553	343	19	24	526	39	552	2.48e-82	269
1ACJ:A|PDBID|CHAIN|SEQUENCE	O94493.2	25.536	466	291	16	28	464	38	476	3.39e-81	266
1ACJ:A|PDBID|CHAIN|SEQUENCE	P32752.1	65.248	141	49	0	70	210	1	141	1.15e-78	246
1ACJ:A|PDBID|CHAIN|SEQUENCE	P32751.1	65.248	141	49	0	70	210	1	141	2.19e-78	245
1ACJ:A|PDBID|CHAIN|SEQUENCE	P32753.1	65.957	141	48	0	70	210	1	141	5.17e-78	244
1ACJ:A|PDBID|CHAIN|SEQUENCE	P32750.1	65.957	141	48	0	70	210	1	141	1.12e-76	241
1ACJ:A|PDBID|CHAIN|SEQUENCE	D4AZ78.1	21.083	517	329	18	39	528	31	495	4.42e-75	249
1ACJ:A|PDBID|CHAIN|SEQUENCE	P23654.3	24.658	438	263	15	6	421	361	753	3.10e-74	254
1ACJ:A|PDBID|CHAIN|SEQUENCE	Q96VC9.1	22.479	476	302	18	20	477	15	441	3.89e-67	228
1ACJ:A|PDBID|CHAIN|SEQUENCE	Q867X2.1	54.962	131	59	0	24	154	2	132	2.18e-62	203
1ACJ:A|PDBID|CHAIN|SEQUENCE	P81429.1	36.316	190	102	5	3	186	22	198	8.59e-62	204
1ACJ:A|PDBID|CHAIN|SEQUENCE	Q99156.2	19.323	502	318	20	17	500	10	442	9.10e-54	192
1ACJ:A|PDBID|CHAIN|SEQUENCE	Q8WMH2.1	30.282	142	80	3	413	536	1	141	2.91e-40	147
1ACJ:A|PDBID|CHAIN|SEQUENCE	P21370.1	15.789	209	156	7	288	481	12	215	4.87e-20	91.9
1ACJ:A|PDBID|CHAIN|SEQUENCE	A4KX74.1	18.142	452	313	13	86	512	163	582	1.98e-19	95.4
1ACJ:A|PDBID|CHAIN|SEQUENCE	Q0E588.1	16.953	466	286	15	93	509	164	577	5.07e-19	93.9
1ACJ:A|PDBID|CHAIN|SEQUENCE	P9WK86.1	24.490	147	96	3	76	217	45	181	1.92e-18	89.6
1ACJ:A|PDBID|CHAIN|SEQUENCE	Q1PET6.1	24.476	143	89	3	97	239	138	261	1.11e-14	79.6
1ACJ:A|PDBID|CHAIN|SEQUENCE	Q94AS5.1	24.590	122	81	2	97	218	143	253	5.93e-14	77.3
1ACJ:A|PDBID|CHAIN|SEQUENCE	Q5Z9I2.1	23.664	131	81	4	97	227	140	251	8.32e-14	76.9
1ACJ:A|PDBID|CHAIN|SEQUENCE	Q5VNW5.1	20.280	143	95	4	97	239	126	249	1.53e-13	75.4
1ACJ:A|PDBID|CHAIN|SEQUENCE	Q0P5B7.1	30.579	121	66	6	99	211	93	203	2.55e-12	71.9
1ACJ:A|PDBID|CHAIN|SEQUENCE	Q7M370.1	28.926	121	68	6	99	211	92	202	2.80e-12	71.9
1ACJ:A|PDBID|CHAIN|SEQUENCE	P04058.2	100.000	535	0	0	1	535	22	556	0.0	757
1ACJ:A|PDBID|CHAIN|SEQUENCE	P07692.2	97.383	535	14	0	1	535	25	559	0.0	746
1ACJ:A|PDBID|CHAIN|SEQUENCE	P21927.1	53.008	532	250	0	4	535	9	540	0.0	738
1ACJ:A|PDBID|CHAIN|SEQUENCE	P06276.1	53.283	533	249	0	3	535	29	561	0.0	736
1ACJ:A|PDBID|CHAIN|SEQUENCE	O62760.1	53.846	533	246	0	3	535	29	561	0.0	736
1ACJ:A|PDBID|CHAIN|SEQUENCE	P32749.2	54.034	533	245	0	3	535	29	561	0.0	735
1ACJ:A|PDBID|CHAIN|SEQUENCE	P81908.1	53.659	533	247	0	3	535	1	533	0.0	734
1ACJ:A|PDBID|CHAIN|SEQUENCE	Q92035.2	65.918	534	182	0	3	536	34	567	0.0	734
1ACJ:A|PDBID|CHAIN|SEQUENCE	O62761.1	53.659	533	247	0	3	535	29	561	0.0	733
1ACJ:A|PDBID|CHAIN|SEQUENCE	Q03311.2	52.720	533	252	0	3	535	30	562	0.0	719
1ACJ:A|PDBID|CHAIN|SEQUENCE	P21836.1	58.303	542	220	3	2	537	35	576	0.0	712
1ACJ:A|PDBID|CHAIN|SEQUENCE	P37136.1	58.118	542	221	3	2	537	35	576	0.0	709
1ACJ:A|PDBID|CHAIN|SEQUENCE	P22303.1	57.380	542	225	3	2	537	35	576	0.0	709
1ACJ:A|PDBID|CHAIN|SEQUENCE	O62763.1	58.303	542	220	3	2	537	32	573	0.0	706
1ACJ:A|PDBID|CHAIN|SEQUENCE	O42275.1	64.974	571	165	4	1	536	24	594	0.0	695
1ACJ:A|PDBID|CHAIN|SEQUENCE	P23795.2	58.303	542	220	3	2	537	34	575	0.0	689
1ACJ:A|PDBID|CHAIN|SEQUENCE	Q9DDE3.1	64.860	572	165	4	1	536	24	595	0.0	686
1ACJ:A|PDBID|CHAIN|SEQUENCE	Q29499.1	57.565	542	224	3	2	537	5	546	0.0	682
1ACJ:A|PDBID|CHAIN|SEQUENCE	Q86GC8.2	46.580	541	279	6	2	536	129	665	0.0	679
1ACJ:A|PDBID|CHAIN|SEQUENCE	Q869C3.3	46.494	542	280	6	1	536	161	698	0.0	679
1ACJ:A|PDBID|CHAIN|SEQUENCE	Q27677.1	40.036	552	304	6	4	533	40	586	0.0	641
1ACJ:A|PDBID|CHAIN|SEQUENCE	Q64176.1	33.696	552	335	16	2	536	21	558	0.0	633
1ACJ:A|PDBID|CHAIN|SEQUENCE	P16303.2	33.333	546	333	16	2	530	20	551	0.0	631
1ACJ:A|PDBID|CHAIN|SEQUENCE	Q29550.1	33.821	547	331	16	1	530	20	552	0.0	629
1ACJ:A|PDBID|CHAIN|SEQUENCE	Q64573.2	32.724	547	337	16	1	530	19	551	0.0	629
1ACJ:A|PDBID|CHAIN|SEQUENCE	Q91WU0.1	33.150	546	338	14	1	531	19	552	0.0	628
1ACJ:A|PDBID|CHAIN|SEQUENCE	P12337.3	32.601	546	338	16	2	530	20	552	0.0	627
1ACJ:A|PDBID|CHAIN|SEQUENCE	O46421.1	33.638	547	333	16	2	531	20	553	0.0	625
1ACJ:A|PDBID|CHAIN|SEQUENCE	Q8VCT4.1	33.516	546	332	16	2	530	20	551	0.0	622
1ACJ:A|PDBID|CHAIN|SEQUENCE	Q63010.1	32.294	545	342	14	1	530	19	551	0.0	621
1ACJ:A|PDBID|CHAIN|SEQUENCE	Q8BK48.1	35.110	544	321	16	1	534	27	548	0.0	621
1ACJ:A|PDBID|CHAIN|SEQUENCE	P23141.2	32.907	547	338	16	2	531	20	554	0.0	619
1ACJ:A|PDBID|CHAIN|SEQUENCE	Q6AW47.1	34.552	547	324	13	3	537	28	552	0.0	619
1ACJ:A|PDBID|CHAIN|SEQUENCE	Q91WG0.1	32.967	546	334	16	2	537	30	553	0.0	613
1ACJ:A|PDBID|CHAIN|SEQUENCE	P23953.4	33.333	540	336	13	5	536	23	546	0.0	610
1ACJ:A|PDBID|CHAIN|SEQUENCE	O00748.1	33.333	546	332	16	1	536	27	550	0.0	610
1ACJ:A|PDBID|CHAIN|SEQUENCE	Q6AW46.1	35.165	546	320	13	4	537	29	552	0.0	606
1ACJ:A|PDBID|CHAIN|SEQUENCE	Q04791.1	33.517	543	332	14	1	533	25	548	0.0	606
1ACJ:A|PDBID|CHAIN|SEQUENCE	P56161.1	39.024	574	301	7	4	533	32	600	0.0	604
1ACJ:A|PDBID|CHAIN|SEQUENCE	Q63108.1	32.967	546	339	14	2	532	20	553	0.0	603
1ACJ:A|PDBID|CHAIN|SEQUENCE	Q8QZR3.1	34.807	543	323	15	1	534	27	547	0.0	602
1ACJ:A|PDBID|CHAIN|SEQUENCE	Q8I034.1	34.015	538	321	13	3	528	28	543	0.0	600
1ACJ:A|PDBID|CHAIN|SEQUENCE	Q8VCC2.1	32.234	546	339	16	2	530	20	551	0.0	600
1ACJ:A|PDBID|CHAIN|SEQUENCE	Q6NT32.1	34.799	546	322	13	3	536	28	551	0.0	598
1ACJ:A|PDBID|CHAIN|SEQUENCE	Q5GRG2.1	33.150	546	331	12	4	537	29	552	0.0	596
1ACJ:A|PDBID|CHAIN|SEQUENCE	P14943.2	33.702	543	329	15	1	534	1	521	0.0	596
1ACJ:A|PDBID|CHAIN|SEQUENCE	P10959.3	33.945	545	330	15	2	536	20	544	0.0	595
1ACJ:A|PDBID|CHAIN|SEQUENCE	Q8N0W4.1	32.168	572	332	12	6	536	46	602	0.0	595
1ACJ:A|PDBID|CHAIN|SEQUENCE	Q64419.1	32.413	543	339	13	1	534	27	550	0.0	594
1ACJ:A|PDBID|CHAIN|SEQUENCE	Q5XG92.2	33.333	537	337	11	5	530	26	552	0.0	594
1ACJ:A|PDBID|CHAIN|SEQUENCE	Q8NFZ3.1	32.343	572	331	12	6	536	46	602	0.0	593
1ACJ:A|PDBID|CHAIN|SEQUENCE	Q8R0W5.2	33.271	538	337	12	5	530	33	560	0.0	592
1ACJ:A|PDBID|CHAIN|SEQUENCE	P07140.1	35.417	576	320	8	4	533	41	610	0.0	588
1ACJ:A|PDBID|CHAIN|SEQUENCE	Q8BYM5.2	32.209	593	328	12	3	536	36	613	0.0	585
1ACJ:A|PDBID|CHAIN|SEQUENCE	Q9NZ94.2	31.321	613	327	13	3	536	39	636	0.0	580
1ACJ:A|PDBID|CHAIN|SEQUENCE	Q62889.1	31.321	613	327	13	3	536	39	636	0.0	579
1ACJ:A|PDBID|CHAIN|SEQUENCE	Q8N2Q7.2	31.561	602	330	14	2	536	49	635	0.0	577
1ACJ:A|PDBID|CHAIN|SEQUENCE	Q62765.1	31.240	605	331	14	2	536	49	638	0.0	576
1ACJ:A|PDBID|CHAIN|SEQUENCE	Q99K10.2	31.240	605	331	14	2	536	49	638	0.0	575
1ACJ:A|PDBID|CHAIN|SEQUENCE	P0C6R3.1	32.649	536	334	13	5	527	26	547	0.0	575
1ACJ:A|PDBID|CHAIN|SEQUENCE	P38433.1	42.164	536	282	9	24	534	39	571	0.0	568
1ACJ:A|PDBID|CHAIN|SEQUENCE	Q27459.1	42.164	536	282	9	24	534	39	571	0.0	565
1ACJ:A|PDBID|CHAIN|SEQUENCE	Q63880.2	32.967	546	328	14	4	534	35	557	0.0	564
1ACJ:A|PDBID|CHAIN|SEQUENCE	Q8VCU1.2	33.394	545	325	14	5	534	36	557	0.0	562
1ACJ:A|PDBID|CHAIN|SEQUENCE	Q6UWW8.1	32.721	544	333	14	4	533	32	556	0.0	559
1ACJ:A|PDBID|CHAIN|SEQUENCE	Q5RCL7.2	32.781	543	332	15	5	533	31	554	0.0	556
1ACJ:A|PDBID|CHAIN|SEQUENCE	Q69ZK9.2	31.911	586	328	12	6	535	42	612	0.0	554
1ACJ:A|PDBID|CHAIN|SEQUENCE	Q8NFZ4.1	31.741	586	329	12	6	535	42	612	0.0	553
1ACJ:A|PDBID|CHAIN|SEQUENCE	Q62888.1	31.741	586	329	12	6	535	42	612	0.0	551
1ACJ:A|PDBID|CHAIN|SEQUENCE	P30122.2	31.273	550	338	14	8	537	24	553	0.0	546
1ACJ:A|PDBID|CHAIN|SEQUENCE	Q64285.1	30.144	554	342	15	8	537	26	558	0.0	542
1ACJ:A|PDBID|CHAIN|SEQUENCE	P07882.2	30.292	548	340	14	8	534	26	552	0.0	537
1ACJ:A|PDBID|CHAIN|SEQUENCE	Q9NDG8.1	37.179	546	314	12	5	526	26	566	0.0	537
1ACJ:A|PDBID|CHAIN|SEQUENCE	B0F2B4.1	27.176	655	341	13	7	535	30	674	2.94e-180	534
1ACJ:A|PDBID|CHAIN|SEQUENCE	P19835.3	30.419	549	342	14	8	536	26	554	6.83e-177	519
1ACJ:A|PDBID|CHAIN|SEQUENCE	W4VSJ0.1	31.725	539	341	11	6	528	30	557	7.79e-174	505
1ACJ:A|PDBID|CHAIN|SEQUENCE	P08171.2	24.254	536	367	14	1	515	23	540	1.49e-160	470
1ACJ:A|PDBID|CHAIN|SEQUENCE	Q04456.1	28.285	548	345	16	6	530	18	540	1.81e-160	471
1ACJ:A|PDBID|CHAIN|SEQUENCE	P47982.1	24.907	538	361	16	1	515	21	538	6.24e-160	469
1ACJ:A|PDBID|CHAIN|SEQUENCE	Q08662.1	24.907	538	361	16	1	515	21	538	6.96e-160	469
1ACJ:A|PDBID|CHAIN|SEQUENCE	O08710.3	26.715	554	368	13	3	537	2196	2730	7.00e-160	507
1ACJ:A|PDBID|CHAIN|SEQUENCE	P06882.4	26.354	554	370	13	3	537	2198	2732	8.25e-159	504
1ACJ:A|PDBID|CHAIN|SEQUENCE	P01266.5	26.944	553	366	12	3	536	2197	2730	9.27e-159	504
1ACJ:A|PDBID|CHAIN|SEQUENCE	Q3T930.1	35.338	399	230	9	92	480	1	381	9.30e-158	457
1ACJ:A|PDBID|CHAIN|SEQUENCE	P37967.2	29.135	532	321	15	7	531	5	487	1.20e-157	461
1ACJ:A|PDBID|CHAIN|SEQUENCE	P25726.2	22.388	536	374	13	1	512	21	538	1.41e-155	458
1ACJ:A|PDBID|CHAIN|SEQUENCE	P25727.3	22.430	535	373	13	4	514	27	543	4.59e-155	457
1ACJ:A|PDBID|CHAIN|SEQUENCE	O16168.1	22.243	535	374	13	4	514	27	543	1.42e-154	455
1ACJ:A|PDBID|CHAIN|SEQUENCE	P01267.1	27.306	553	364	13	3	536	2198	2731	2.24e-154	491
1ACJ:A|PDBID|CHAIN|SEQUENCE	O16172.1	22.201	536	375	13	1	512	21	538	2.52e-154	454
1ACJ:A|PDBID|CHAIN|SEQUENCE	Q07085.3	27.099	524	358	11	11	523	20	530	3.89e-154	454
1ACJ:A|PDBID|CHAIN|SEQUENCE	Q04457.1	26.000	550	356	17	6	530	18	541	9.25e-154	454
1ACJ:A|PDBID|CHAIN|SEQUENCE	O16173.1	22.056	535	375	13	4	514	27	543	4.48e-153	451
1ACJ:A|PDBID|CHAIN|SEQUENCE	O16170.1	22.015	536	376	13	1	512	21	538	8.50e-153	450
1ACJ:A|PDBID|CHAIN|SEQUENCE	P25725.1	22.862	538	373	13	1	514	21	540	1.86e-152	450
1ACJ:A|PDBID|CHAIN|SEQUENCE	Q95000.1	48.883	358	177	3	88	440	1	357	3.99e-152	442
1ACJ:A|PDBID|CHAIN|SEQUENCE	O16171.1	22.862	538	373	13	1	514	21	540	5.15e-152	449
1ACJ:A|PDBID|CHAIN|SEQUENCE	O16169.1	22.862	538	373	13	1	514	21	540	3.71e-151	446
1ACJ:A|PDBID|CHAIN|SEQUENCE	P18167.2	23.148	540	373	13	2	517	21	542	1.17e-150	445
1ACJ:A|PDBID|CHAIN|SEQUENCE	P35502.1	26.792	530	345	14	3	511	24	531	3.44e-150	445
1ACJ:A|PDBID|CHAIN|SEQUENCE	P35501.1	27.397	511	328	14	3	492	24	512	4.45e-148	439
1ACJ:A|PDBID|CHAIN|SEQUENCE	B2D0J5.1	26.821	563	345	17	1	529	21	550	8.32e-148	438
1ACJ:A|PDBID|CHAIN|SEQUENCE	Q92081.1	57.988	338	141	1	101	438	1	337	9.19e-144	420
1ACJ:A|PDBID|CHAIN|SEQUENCE	P18142.3	28.016	514	326	14	4	508	30	508	8.77e-143	425
1ACJ:A|PDBID|CHAIN|SEQUENCE	P32948.1	27.920	548	327	18	3	514	14	529	9.22e-142	422
1ACJ:A|PDBID|CHAIN|SEQUENCE	P32947.1	28.681	523	308	17	28	514	36	529	1.05e-140	420
1ACJ:A|PDBID|CHAIN|SEQUENCE	P79066.1	25.746	536	329	14	21	513	34	543	1.75e-140	420
1ACJ:A|PDBID|CHAIN|SEQUENCE	P22394.2	25.746	536	329	14	21	513	34	543	2.75e-140	419
1ACJ:A|PDBID|CHAIN|SEQUENCE	P17573.2	26.119	536	327	13	21	513	34	543	1.70e-138	415
1ACJ:A|PDBID|CHAIN|SEQUENCE	P86325.1	30.112	538	311	13	5	524	2	492	5.81e-138	411
1ACJ:A|PDBID|CHAIN|SEQUENCE	Q47M62.1	30.112	538	311	13	5	524	2	492	7.96e-138	410
1ACJ:A|PDBID|CHAIN|SEQUENCE	Q95001.1	48.824	340	168	4	102	439	2	337	1.76e-137	404
1ACJ:A|PDBID|CHAIN|SEQUENCE	P20261.3	28.832	548	322	18	3	514	14	529	7.54e-137	410
1ACJ:A|PDBID|CHAIN|SEQUENCE	P32949.1	27.372	548	330	18	3	514	14	529	5.89e-136	408
1ACJ:A|PDBID|CHAIN|SEQUENCE	Q9XTG1.1	23.350	591	374	19	8	532	23	600	3.25e-135	414
1ACJ:A|PDBID|CHAIN|SEQUENCE	P16854.1	25.411	547	362	18	4	524	4	530	2.05e-134	403
1ACJ:A|PDBID|CHAIN|SEQUENCE	P21837.1	29.528	508	312	17	8	503	36	509	8.43e-134	402
1ACJ:A|PDBID|CHAIN|SEQUENCE	P32946.1	27.151	523	316	15	28	514	35	528	1.40e-133	402
1ACJ:A|PDBID|CHAIN|SEQUENCE	Q05487.1	23.600	500	335	14	3	477	20	497	5.41e-130	392
1ACJ:A|PDBID|CHAIN|SEQUENCE	P12992.2	24.539	542	365	15	3	520	25	546	1.57e-129	392
1ACJ:A|PDBID|CHAIN|SEQUENCE	P36196.1	56.634	309	131	2	4	309	28	336	8.37e-129	396
1ACJ:A|PDBID|CHAIN|SEQUENCE	P36196.1	56.364	220	95	1	316	535	509	727	3.86e-79	266
1ACJ:A|PDBID|CHAIN|SEQUENCE	Q01470.1	28.107	523	323	15	4	516	3	482	1.53e-128	387
1ACJ:A|PDBID|CHAIN|SEQUENCE	D2D3B6.1	28.868	530	307	15	2	515	50	525	4.59e-126	382
1ACJ:A|PDBID|CHAIN|SEQUENCE	D4B1N9.1	26.966	534	321	20	4	500	30	531	9.97e-123	374
1ACJ:A|PDBID|CHAIN|SEQUENCE	Q5UR02.1	29.412	527	302	19	8	499	25	516	6.76e-120	367
1ACJ:A|PDBID|CHAIN|SEQUENCE	Q9UKY3.2	40.520	269	150	6	3	265	22	286	4.48e-115	345
1ACJ:A|PDBID|CHAIN|SEQUENCE	D4ASH1.2	26.587	504	322	15	5	486	22	499	1.70e-110	343
1ACJ:A|PDBID|CHAIN|SEQUENCE	P33438.2	22.056	535	374	17	1	511	56	571	2.02e-104	339
1ACJ:A|PDBID|CHAIN|SEQUENCE	A1CFK9.1	21.217	575	363	20	2	526	18	552	3.16e-101	318
1ACJ:A|PDBID|CHAIN|SEQUENCE	D4AZ78.1	21.083	517	329	18	39	528	31	495	1.57e-93	297
1ACJ:A|PDBID|CHAIN|SEQUENCE	Q96VC9.1	21.830	481	309	18	20	482	15	446	4.59e-91	290
1ACJ:A|PDBID|CHAIN|SEQUENCE	O94493.2	25.259	483	303	17	13	464	21	476	2.95e-88	284
1ACJ:A|PDBID|CHAIN|SEQUENCE	P23654.3	24.773	440	262	17	6	422	361	754	1.02e-86	288
1ACJ:A|PDBID|CHAIN|SEQUENCE	Q99156.2	19.323	502	318	20	17	500	10	442	1.84e-84	273
1ACJ:A|PDBID|CHAIN|SEQUENCE	P32752.1	65.248	141	49	0	70	210	1	141	3.56e-75	237
1ACJ:A|PDBID|CHAIN|SEQUENCE	P32751.1	65.248	141	49	0	70	210	1	141	4.18e-75	236
1ACJ:A|PDBID|CHAIN|SEQUENCE	P32753.1	65.957	141	48	0	70	210	1	141	8.13e-75	236
1ACJ:A|PDBID|CHAIN|SEQUENCE	P32750.1	65.957	141	48	0	70	210	1	141	4.16e-73	231
1ACJ:A|PDBID|CHAIN|SEQUENCE	A4KX74.1	18.022	455	316	13	86	515	163	585	6.81e-67	231
1ACJ:A|PDBID|CHAIN|SEQUENCE	P81429.1	35.789	190	103	5	3	186	22	198	1.34e-63	209
1ACJ:A|PDBID|CHAIN|SEQUENCE	Q867X2.1	54.545	132	60	0	23	154	1	132	1.51e-60	198
1ACJ:A|PDBID|CHAIN|SEQUENCE	Q0E588.1	16.632	475	295	15	87	512	158	580	9.09e-59	208
1ACJ:A|PDBID|CHAIN|SEQUENCE	Q8WMH2.1	30.282	142	80	3	413	536	1	141	3.53e-38	142
1ACJ:A|PDBID|CHAIN|SEQUENCE	Q1PET6.1	24.476	143	89	3	97	239	138	261	4.66e-32	131
1ACJ:A|PDBID|CHAIN|SEQUENCE	P9WK86.1	24.324	148	97	3	76	218	45	182	2.44e-31	126
1ACJ:A|PDBID|CHAIN|SEQUENCE	Q5VNW5.1	20.280	143	95	4	97	239	126	249	2.11e-30	124
1ACJ:A|PDBID|CHAIN|SEQUENCE	Q94AS5.1	24.590	122	81	2	97	218	143	253	6.73e-29	122
1ACJ:A|PDBID|CHAIN|SEQUENCE	Q5Z9I2.1	22.222	144	92	5	97	239	140	264	8.41e-29	121
1ACJ:A|PDBID|CHAIN|SEQUENCE	Q8VYP9.1	19.580	143	95	4	97	238	194	317	5.07e-26	114
1ACJ:A|PDBID|CHAIN|SEQUENCE	Q6L5F5.1	19.580	143	96	3	97	239	131	254	9.24e-26	112
1ACJ:A|PDBID|CHAIN|SEQUENCE	P21370.1	15.789	209	156	7	288	481	12	215	1.53e-25	107
1ACJ:A|PDBID|CHAIN|SEQUENCE	Q0P5B7.1	29.268	123	69	6	97	211	91	203	4.22e-22	101
1ACJ:A|PDBID|CHAIN|SEQUENCE	Q7M370.1	27.642	123	71	6	97	211	90	202	1.67e-21	100
1ACJ:A|PDBID|CHAIN|SEQUENCE	P22760.5	25.203	123	74	6	97	211	91	203	4.71e-20	95.8
1ACJ:A|PDBID|CHAIN|SEQUENCE	Q9QZH8.3	26.016	123	73	7	97	211	90	202	2.86e-16	84.3
1ACJ:A|PDBID|CHAIN|SEQUENCE	Q99PG0.3	23.577	123	76	6	97	211	90	202	5.96e-15	80.0
1ACJ:A|PDBID|CHAIN|SEQUENCE	Q9ZQ91.1	17.812	320	204	13	59	354	27	311	3.34e-14	76.9
1ACJ:A|PDBID|CHAIN|SEQUENCE	B5BLW5.1	21.341	164	107	5	56	211	18	167	2.11e-13	74.2
1ACJ:A|PDBID|CHAIN|SEQUENCE	Q9SMN0.1	21.591	176	100	7	59	218	27	180	2.82e-13	74.2
1ACJ:A|PDBID|CHAIN|SEQUENCE	R4X244.1	21.053	171	102	7	58	216	93	242	4.17e-13	74.2
1ACJ:A|PDBID|CHAIN|SEQUENCE	R4X4V6.1	21.053	171	102	7	58	216	93	242	4.17e-13	74.2
1ACJ:A|PDBID|CHAIN|SEQUENCE	R4X5P0.1	21.053	171	102	7	58	216	93	242	4.49e-13	74.2
1ACJ:A|PDBID|CHAIN|SEQUENCE	R4X247.1	21.053	171	102	7	58	216	93	242	4.91e-13	74.2
1ACJ:A|PDBID|CHAIN|SEQUENCE	A0A0H5BMX5.1	26.515	132	74	4	97	215	126	247	8.69e-13	73.9
1ACJ:A|PDBID|CHAIN|SEQUENCE	Q9SX25.1	23.308	133	83	4	95	218	75	197	9.10e-13	72.7
1ACJ:A|PDBID|CHAIN|SEQUENCE	Q9SMM9.1	22.667	150	89	4	95	227	53	192	1.71e-12	71.9
1ACJ:A|PDBID|CHAIN|SEQUENCE	I4DST9.1	24.627	134	76	6	95	216	128	248	4.57e-12	71.2
1ACJ:A|PDBID|CHAIN|SEQUENCE	I4DST8.1	24.627	134	76	6	95	216	131	251	4.82e-12	71.2
1ACJ:A|PDBID|CHAIN|SEQUENCE	Q9LT10.1	21.538	130	86	4	88	212	67	185	6.94e-12	70.0
1ACJ:A|PDBID|CHAIN|SEQUENCE	Q5NUF4.1	19.136	162	100	6	76	218	42	191	7.94e-12	70.0
