==================================================================================================
ch  Res1    Res5  Twist1  Twist2   ΔTwist  h1    h2    Δh    Vtor1   Vtor2   ΔVtor     Res2   Res4
==================================================================================================
A    1 V     5 G  231.19  236.56    5.37  3.16  2.60  0.56  239.55  250.11   10.56     2 L     4 E
A    2 L     6 E  236.56  104.88  131.68  2.60  1.54  1.06  250.11   55.15  194.96     3 S     5 G
A    3 S     7 W  104.88   98.68    6.20  1.54  1.44  0.10   55.15   47.98    7.17     4 E     6 E
A    4 E     8 Q   98.68   99.91    1.23  1.44  1.52  0.08   47.98   50.62    2.64     5 G     7 W
A    5 G     9 L   99.91  104.23    4.32  1.52  1.58  0.06   50.62   55.99    5.37     6 E     8 Q
A    6 E    10 V  104.23   99.70    4.53  1.58  1.43  0.15   55.99   48.00    7.99     7 W     9 L
A    7 W    11 L   99.70   97.61    2.09  1.43  1.57  0.14   48.00   50.47    2.47     8 Q    10 V
A    8 Q    12 H   97.61   92.52    5.09  1.57  1.42  0.15   50.47   42.93    7.54     9 L    11 L
A    9 L    13 V   92.52  102.70   10.18  1.42  1.66  0.24   42.93   56.94   14.01    10 V    12 H
A   10 V    14 W  102.70   99.40    3.30  1.66  1.30  0.36   56.94   43.56   13.38    11 L    13 V
A   11 L    15 A   99.40  101.05    1.65  1.30  1.64  0.34   43.56   55.51   11.95    12 H    14 W
A   12 H    16 K  101.05  104.55    3.50  1.64  1.64  0.00   55.51   58.73    3.22    13 V    15 A
A   13 V    17 V  104.55  104.92    0.37  1.64  1.61  0.03   58.73   57.63    1.10    14 W    16 K
A   14 W    18 E  104.92  101.21    3.71  1.61  1.50  0.11   57.63   51.15    6.48    15 A    17 V
A   15 A    19 A  101.21  105.24    4.03  1.50  1.76  0.26   51.15   63.06   11.91    16 K    18 E
A   16 K    20 D  105.24  110.92    5.68  1.76  1.89  0.13   63.06   71.56    8.50    17 V    19 A
A   17 V    21 V  110.92   82.94   27.98  1.89  0.30  1.59   71.56    8.10   63.46    18 E    20 D
A   18 E    22 A   82.94  165.66   82.72  0.30  2.49  2.19    8.10  164.29  156.19    19 A    21 V
A   19 A    23 G  165.66   97.84   67.82  2.49  1.53  0.96  164.29   49.10  115.19    20 D    22 A
A   20 D    24 H   97.84   97.84    0.00  1.53  1.51  0.02   49.10   48.71    0.39    21 V    23 G
A   21 V    25 G   97.84   97.88    0.04  1.51  1.43  0.08   48.71   46.51    2.20    22 A    24 H
A   22 A    26 Q   97.88   98.80    0.92  1.43  1.52  0.09   46.51   50.16    3.65    23 G    25 G
A   23 G    27 D   98.80   97.70    1.10  1.52  1.55  0.03   50.16   50.52    0.36    24 H    26 Q
A   24 H    28 I   97.70   96.44    1.26  1.55  1.41  0.14   50.52   45.04    5.48    25 G    27 D
A   25 G    29 L   96.44   97.65    1.21  1.41  1.57  0.16   45.04   49.98    4.94    26 Q    28 I
A   26 Q    30 I   97.65   94.68    2.97  1.57  1.46  0.11   49.98   45.02    4.96    27 D    29 L
A   27 D    31 R   94.68   98.06    3.38  1.46  1.49  0.03   45.02   48.22    3.20    28 I    30 I
A   28 I    32 L   98.06   98.45    0.39  1.49  1.48  0.01   48.22   48.69    0.47    29 L    31 R
A   29 L    33 F   98.45   99.80    1.35  1.48  1.48  0.00   48.69   48.80    0.11    30 I    32 L
A   30 I    34 K   99.80   94.65    5.15  1.48  1.47  0.01   48.80   45.09    3.71    31 R    33 F
A   31 R    35 S   94.65   90.57    4.08  1.47  1.39  0.08   45.09   40.75    4.34    32 L    34 K
A   32 L    36 H   90.57   93.93    3.36  1.39  1.43  0.04   40.75   44.07    3.32    33 F    35 S
A   33 F    37 P   93.93   80.77   13.16  1.43  0.92  0.51   44.07   23.52   20.55    34 K    36 H
A   34 K    38 E   80.77  171.02   90.25  0.92  2.98  2.06   23.52  179.98  156.46    35 S    37 P
A   35 S    39 T  171.02  110.83   60.19  2.98  1.92  1.06  179.98   72.28  107.70    36 H    38 E
A   36 H    40 L  110.83  103.85    6.98  1.92  1.72  0.20   72.28   60.29   11.99    37 P    39 T
A   37 P    41 E  103.85  100.94    2.91  1.72  1.67  0.05   60.29   56.16    4.13    38 E    40 L
A   38 E    42 K  100.94  106.81    5.87  1.67  1.76  0.09   56.16   64.02    7.86    39 T    41 E
A   39 T    43 F  106.81  107.23    0.42  1.76  1.80  0.04   64.02   65.40    1.38    40 L    42 K
A   40 L    44 D  107.23  104.68    2.55  1.80  2.24  0.44   65.40   76.29   10.89    41 E    43 F
A   41 E    45 R  104.68  195.62   90.94  2.24  0.16  2.08   76.29  181.16  104.87    42 K    44 D
A   42 K    46 F  195.62  105.94   89.68  0.16  1.67  1.51  181.16   60.72  120.44    43 F    45 R
A   43 F    47 K  105.94   80.79   25.15  1.67  0.82  0.85   60.72   20.79   39.93    44 D    46 F
A   44 D    48 H   80.79  121.19   40.40  0.82  2.57  1.75   20.79  101.50   80.71    45 R    47 K
A   45 R    49 L  121.19  108.02   13.17  2.57  1.88  0.69  101.50   68.81   32.69    46 F    48 H
A   46 F    50 K  108.02  123.10   15.08  1.88  2.49  0.61   68.81  103.38   34.57    47 K    49 L
A   47 K    51 T  123.10  172.69   49.59  2.49  3.06  0.57  103.38  170.84   67.46    48 H    50 K
A   48 H    52 E  172.69   67.52  105.17  3.06  1.76  1.30  170.84   34.91  135.93    49 L    51 T
A   49 L    53 A   67.52  238.84  171.32  1.76  2.68  0.92   34.91  246.92  212.01    50 K    52 E
A   50 K    54 E  238.84  104.56  134.28  2.68  1.66  1.02  246.92   58.42  188.50    51 T    53 A
A   51 T    55 M  104.56   98.62    5.94  1.66  1.44  0.22   58.42   47.85   10.57    52 E    54 E
A   52 E    56 K   98.62   99.49    0.87  1.44  1.51  0.07   47.85   50.22    2.37    53 A    55 M
A   53 A    57 A   99.49   98.90    0.59  1.51  1.48  0.03   50.22   48.70    1.52    54 E    56 K
A   54 E    58 S   98.90   99.43    0.53  1.48  1.56  0.08   48.70   51.79    3.09    55 M    57 A
A   55 M    59 E   99.43  122.90   23.47  1.56  2.65  1.09   51.79  106.36   54.57    56 K    58 S
A   56 K    60 D  122.90  191.77   68.87  2.65  1.49  1.16  106.36  187.89   81.53    57 A    59 E
A   57 A    61 L  191.77  101.04   90.73  1.49  1.64  0.15  187.89   55.75  132.14    58 S    60 D
A   58 S    62 K  101.04  101.57    0.53  1.64  1.56  0.08   55.75   53.57    2.18    59 E    61 L
A   59 E    63 K  101.57   99.53    2.04  1.56  1.47  0.09   53.57   49.25    4.32    60 D    62 K
A   60 D    64 H   99.53  101.45    1.92  1.47  1.52  0.05   49.25   51.24    1.99    61 L    63 K
A   61 L    65 G  101.45   98.62    2.83  1.52  1.48  0.04   51.24   48.94    2.30    62 K    64 H
A   62 K    66 V   98.62  105.90    7.28  1.48  1.68  0.20   48.94   60.13   11.19    63 K    65 G
A   63 K    67 T  105.90  100.41    5.49  1.68  1.54  0.14   60.13   51.96    8.17    64 H    66 V
A   64 H    68 V  100.41  100.98    0.57  1.54  1.52  0.02   51.96   50.91    1.05    65 G    67 T
A   65 G    69 L  100.98   93.79    7.19  1.52  1.49  0.03   50.91   45.62    5.29    66 V    68 V
A   66 V    70 T   93.79   92.45    1.34  1.49  1.38  0.11   45.62   41.41    4.21    67 T    69 L
A   67 T    71 A   92.45  105.44   12.99  1.38  1.67  0.29   41.41   58.45   17.04    68 V    70 T
A   68 V    72 L  105.44   96.83    8.61  1.67  1.35  0.32   58.45   43.27   15.18    69 L    71 A
A   69 L    73 G   96.83   96.66    0.17  1.35  1.49  0.14   43.27   47.29    4.02    70 T    72 L
A   70 T    74 A   96.66  100.41    3.75  1.49  1.55  0.06   47.29   51.86    4.57    71 A    73 G
A   71 A    75 I  100.41   97.96    2.45  1.55  1.51  0.04   51.86   49.66    2.20    72 L    74 A
A   72 L    76 L   97.96   98.63    0.67  1.51  1.49  0.02   49.66   48.86    0.80    73 G    75 I
A   73 G    77 K   98.63   99.14    0.51  1.49  1.53  0.04   48.86   50.08    1.22    74 A    76 L
A   74 A    78 K   99.14  104.09    4.95  1.53  1.70  0.17   50.08   59.12    9.04    75 I    77 K
A   75 I    79 K  104.09  109.13    5.04  1.70  1.78  0.08   59.12   66.04    6.92    76 L    78 K
A   76 L    80 G  109.13  207.91   98.78  1.78  2.63  0.85   66.04  219.30  153.26    77 K    79 K
A   77 K    81 H  207.91  268.98   61.07  2.63  1.24  1.39  219.30  323.41  104.11    78 K    80 G
A   78 K    82 H  268.98  127.99  140.99  1.24  2.46  1.22  323.41  105.55  217.86    79 K    81 H
A   79 K    83 E  127.99  135.27    7.28  2.46  2.70  0.24  105.55  122.05   16.50    80 G    82 H
A   80 G    84 A  135.27  137.53    2.26  2.70  2.77  0.07  122.05  124.12    2.07    81 H    83 E
A   81 H    85 E  137.53   93.89   43.64  2.77  1.47  1.30  124.12   44.99   79.13    82 H    84 A
A   82 H    86 L   93.89   96.13    2.24  1.47  1.53  0.06   44.99   48.07    3.08    83 E    85 E
A   83 E    87 K   96.13   92.84    3.29  1.53  1.57  0.04   48.07   46.98    1.09    84 A    86 L
A   84 A    88 P   92.84  106.05   13.21  1.57  2.22  0.65   46.98   74.97   27.99    85 E    87 K
A   85 E    89 L  106.05   91.55   14.50  2.22  1.35  0.87   74.97   39.83   35.14    86 L    88 P
A   86 L    90 A   91.55   99.28    7.73  1.35  1.59  0.24   39.83   51.97   12.14    87 K    89 L
A   87 K    91 Q   99.28   96.91    2.37  1.59  1.41  0.18   51.97   45.66    6.31    88 P    90 A
A   88 P    92 S   96.91   97.92    1.01  1.41  1.57  0.16   45.66   50.69    5.03    89 L    91 Q
A   89 L    93 H   97.92   90.76    7.16  1.57  1.33  0.24   50.69   39.15   11.54    90 A    92 S
A   90 A    94 A   90.76   97.76    7.00  1.33  1.57  0.24   39.15   50.24   11.09    91 Q    93 H
A   91 Q    95 T   97.76   89.81    7.95  1.57  1.31  0.26   50.24   37.93   12.31    92 S    94 A
A   92 S    96 K   89.81   77.91   11.90  1.31  0.98  0.33   37.93   23.62   14.31    93 H    95 T
A   93 H    97 H   77.91   76.72    1.19  0.98  1.07  0.09   23.62   24.83    1.21    94 A    96 K
A   94 A    98 K   76.72   83.85    7.13  1.07  1.11  0.04   24.83   29.58    4.75    95 T    97 H
A   95 T    99 I   83.85  206.35  122.50  1.11  2.72  1.61   29.58  215.95  186.37    96 K    98 K
A   96 K   100 P  206.35  167.03   39.32  2.72  1.61  1.11  215.95  171.44   44.51    97 H    99 I
A   97 H   101 I  167.03  218.79   51.76  1.61  3.17  1.56  171.44  226.54   55.10    98 K   100 P
A   98 K   102 K  218.79  229.02   10.23  3.17  2.59  0.58  226.54  241.88   15.34    99 I   101 I
A   99 I   103 Y  229.02  110.41  118.61  2.59  1.80  0.79  241.88   68.76  173.12   100 P   102 K
A  100 P   104 L  110.41  102.36    8.05  1.80  1.57  0.23   68.76   54.35   14.41   101 I   103 Y
A  101 I   105 E  102.36  105.39    3.03  1.57  1.59  0.02   54.35   57.02    2.67   102 K   104 L
A  102 K   106 F  105.39  103.46    1.93  1.59  1.51  0.08   57.02   53.04    3.98   103 Y   105 E
A  103 Y   107 I  103.46   99.24    4.22  1.51  1.54  0.03   53.04   50.91    2.13   104 L   106 F
A  104 L   108 S   99.24   97.88    1.36  1.54  1.44  0.10   50.91   47.16    3.75   105 E   107 I
A  105 E   109 E   97.88  102.76    4.88  1.44  1.59  0.15   47.16   55.46    8.30   106 F   108 S
A  106 F   110 A  102.76   99.82    2.94  1.59  1.41  0.18   55.46   47.17    8.29   107 I   109 E
A  107 I   111 I   99.82  101.92    2.10  1.41  1.56  0.15   47.17   53.10    5.93   108 S   110 A
A  108 S   112 I  101.92  100.87    1.05  1.56  1.54  0.02   53.10   52.28    0.82   109 E   111 I
A  109 E   113 H  100.87   96.82    4.05  1.54  1.42  0.12   52.28   46.07    6.21   110 A   112 I
A  110 A   114 V   96.82   98.39    1.57  1.42  1.56  0.14   46.07   50.21    4.14   111 I   113 H
A  111 I   115 L   98.39   99.79    1.40  1.56  1.55  0.01   50.21   51.53    1.32   112 I   114 V
A  112 I   116 H   99.79  102.16    2.37  1.55  1.59  0.04   51.53   54.97    3.44   113 H   115 L
A  113 H   117 S  102.16  106.81    4.65  1.59  1.56  0.03   54.97   57.58    2.61   114 V   116 H
A  114 V   118 R  106.81   95.51   11.30  1.56  1.35  0.21   57.58   43.53   14.05   115 L   117 S
A  115 L   119 H   95.51   84.33   11.18  1.35  1.38  0.03   43.53   36.44    7.09   116 H   118 R
A  116 H   120 P   84.33   80.12    4.21  1.38  1.16  0.22   36.44   28.77    7.67   117 S   119 H
A  117 S   121 G   80.12  155.23   75.11  1.16  2.75  1.59   28.77  147.39  118.62   118 R   120 P
A  118 R   122 D  155.23   98.96   56.27  2.75  1.52  1.23  147.39   50.10   97.29   119 H   121 G
A  119 H   123 F   98.96   75.30   23.66  1.52  1.06  0.46   50.10   25.41   24.69   120 P   122 D
A  120 P   124 G   75.30  112.12   36.82  1.06  2.45  1.39   25.41   89.37   63.96   121 G   123 F
A  121 G   125 A  112.12  197.84   85.72  2.45  0.76  1.69   89.37  185.56   96.19   122 D   124 G
A  122 D   126 D  197.84  247.93   50.09  0.76  2.58  1.82  185.56  265.89   80.33   123 F   125 A
A  123 F   127 A  247.93  101.81  146.12  2.58  1.56  1.02  265.89   52.88  213.01   124 G   126 D
A  124 G   128 Q  101.81   96.78    5.03  1.56  1.45  0.11   52.88   46.89    5.99   125 A   127 A
A  125 A   129 G   96.78  101.09    4.31  1.45  1.53  0.08   46.89   51.85    4.96   126 D   128 Q
A  126 D   130 A  101.09  100.29    0.80  1.53  1.52  0.01   51.85   51.28    0.57   127 A   129 G
A  127 A   131 M  100.29   94.72    5.57  1.52  1.43  0.09   51.28   44.87    6.41   128 Q   130 A
A  128 Q   132 N   94.72   97.60    2.88  1.43  1.58  0.15   44.87   51.37    6.50   129 G   131 M
A  129 G   133 K   97.60  100.80    3.20  1.58  1.53  0.05   51.37   51.98    0.61   130 A   132 N
A  130 A   134 A  100.80  101.86    1.06  1.53  1.47  0.06   51.98   50.00    1.98   131 M   133 K
A  131 M   135 L  101.86   98.21    3.65  1.47  1.53  0.06   50.00   49.80    0.20   132 N   134 A
A  132 N   136 E   98.21   97.53    0.68  1.53  1.40  0.13   49.80   45.47    4.33   133 K   135 L
A  133 K   137 L   97.53  101.97    4.44  1.40  1.56  0.16   45.47   53.35    7.88   134 A   136 E
A  134 A   138 F  101.97  101.76    0.21  1.56  1.47  0.09   53.35   50.54    2.81   135 L   137 L
A  135 L   139 R  101.76   99.78    1.98  1.47  1.54  0.07   50.54   51.65    1.11   136 E   138 F
A  136 E   140 K   99.78   96.43    3.35  1.54  1.37  0.17   51.65   43.61    8.04   137 L   139 R
A  137 L   141 D   96.43  100.39    3.96  1.37  1.66  0.29   43.61   54.83   11.22   138 F   140 K
A  138 F   142 I  100.39   94.62    5.77  1.66  1.42  0.24   54.83   44.44   10.39   139 R   141 D
A  139 R   143 A   94.62   98.30    3.68  1.42  1.47  0.05   44.44   47.63    3.19   140 K   142 I
A  140 K   144 A   98.30  102.72    4.42  1.47  1.61  0.14   47.63   55.30    7.67   141 D   143 A
A  141 D   145 K  102.72  103.29    0.57  1.61  1.65  0.04   55.30   57.15    1.85   142 I   144 A
A  142 I   146 Y  103.29   96.10    7.19  1.65  1.37  0.28   57.15   43.90   13.25   143 A   145 K
A  143 A   147 K   96.10  102.69    6.59  1.37  1.58  0.21   43.90   54.37   10.47   144 A   146 Y
A  144 A   148 E  102.69  100.18    2.51  1.58  1.47  0.11   54.37   49.43    4.94   145 K   147 K
A  145 K   149 L  100.18  101.25    1.07  1.47  1.55  0.08   49.43   52.76    3.33   146 Y   148 E
A  146 Y   150 G  101.25   97.30    3.95  1.55  1.45  0.10   52.76   46.77    5.99   147 K   149 L
A  147 K   151 Y   97.30  232.68  135.38  1.45  2.50  1.05   46.77  254.97  208.20   148 E   150 G
A  148 E   152 Q  232.68  122.56  110.12  2.50  2.52  0.02  254.97  100.52  154.45   149 L   151 Y
A  149 L   153 G  122.56   94.12   28.44  2.52  2.40  0.12  100.52   68.42   32.10   150 G   152 Q
==================================================================================================
 DESCRIPTION OF THE RECORD
==================================================================================================
 ch        : Chain identifier of the repeating unit 1 and 2.
 Res1      : CA atom of 1st residue of the repeating unit 1.
 Res5      : CA atom of 4th residue of the repeating unit 2.
 Twist#    : Translation along the helical axis for repeating unit # (Deg.).
 ΔTwist    : Absolute difference between Twist1 and Twist2 (Deg.).
 h#        : Rise per Residue (height) along the helical axis forr repeating unit # (Ang.).
 Δh        : Absolute difference between Height1 and Height2 (Ang.).
 Vtor#     : Virtual torsional angle for repeating unit # (Deg.).
 ΔVtor     : Absolute difference between Vtor1 and Vtor2 (Deg.).
 Res2      : CA atom of 2nd residue of the repeating unit 1.
 Res4      : CA atom of 3rd residue of the repeating unit 2.
==================================================================================================