 VAL   A     1       360    148.58
 LEU   A     2    -73.61    149.45
 SER   A     3    -78.04    161.23
 GLU   A     4    -59.41    -33.01
 GLY   A     5    -63.68    -37.25
 GLU   A     6    -73.72    -39.94
 TRP   A     7    -59.50    -44.44
 GLN   A     8    -50.36    -44.00
 LEU   A     9    -62.44    -44.97
 VAL   A    10    -56.24    -50.13
 LEU   A    11    -78.56    -28.51
 HIS   A    12    -56.37    -48.00
 VAL   A    13    -64.35    -47.20
 TRP   A    14    -56.74    -39.06
 ALA   A    15    -59.45    -35.40
 LYS   A    16    -52.53    -51.43
 VAL   A    17    -56.95    -40.43
 GLU   A    18    -64.94    -14.31
 ALA   A    19    -68.75    -23.44
 ASP   A    20   -157.16     75.60
 VAL   A    21    -67.33    -45.05
 ALA   A    22    -64.11    -39.53
 GLY   A    23    -63.88    -43.02
 HIS   A    24    -66.33    -44.24
 GLY   A    25    -60.77    -46.78
 GLN   A    26    -50.73    -54.59
 ASP   A    27    -64.88    -38.41
 ILE   A    28    -66.46    -52.47
 LEU   A    29    -57.10    -46.06
 ILE   A    30    -62.07    -41.98
 ARG   A    31    -64.97    -40.85
 LEU   A    32    -58.40    -51.46
 PHE   A    33    -68.52    -35.56
 LYS   A    34    -79.20    -40.73
 SER   A    35    -71.99    -33.18
 HIS   A    36   -136.84     79.85
 PRO   A    37    -61.88    -22.30
 GLU   A    38    -58.96    -25.38
 THR   A    39    -70.74    -39.21
 LEU   A    40    -56.85    -39.35
 GLU   A    41    -59.55    -25.88
 LYS   A    42    -68.73    -13.87
 PHE   A    43   -105.16     95.82
 ASP   A    44    -47.75    -31.48
 ARG   A    45    -69.08    -30.08
 PHE   A    46   -120.74     -9.93
 LYS   A    47    -65.19    -12.92
 HIS   A    48    -70.74    -15.40
 LEU   A    49    -76.89    125.70
 LYS   A    50   -113.47    -14.36
 THR   A    51   -139.42    161.73
 GLU   A    52    -65.55    -32.88
 ALA   A    53    -60.53    -42.64
 GLU   A    54    -64.29    -42.97
 MET   A    55    -60.61    -47.48
 LYS   A    56    -63.99    -30.15
 ALA   A    57    -78.63    -10.66
 SER   A    58    -79.87    117.32
 GLU   A    59    -71.95    -33.05
 ASP   A    60    -68.58    -36.11
 LEU   A    61    -63.81    -42.91
 LYS   A    62    -61.55    -43.42
 LYS   A    63    -56.85    -44.00
 HIS   A    64    -68.27    -37.77
 GLY   A    65    -57.00    -35.53
 VAL   A    66    -69.03    -37.07
 THR   A    67    -62.05    -44.09
 VAL   A    68    -65.24    -51.87
 LEU   A    69    -73.66    -28.39
 THR   A    70    -59.74    -44.77
 ALA   A    71    -68.85    -41.94
 LEU   A    72    -69.49    -40.72
 GLY   A    73    -56.03    -46.99
 ALA   A    74    -62.26    -36.93
 ILE   A    75    -68.11    -44.98
 LEU   A    76    -62.58    -33.57
 LYS   A    77    -75.84     -8.65
 LYS   A    78    -87.66     -6.83
 LYS   A    79     50.39     51.20
 GLY   A    80     92.48    -15.83
 HIS   A    81    -92.56     64.29
 HIS   A    82   -121.92     27.15
 GLU   A    83    -58.67    -39.22
 ALA   A    84    -76.28    -31.97
 GLU   A    85    -74.84    -38.28
 LEU   A    86    -74.71    -36.56
 LYS   A    87    -42.62    -58.08
 PRO   A    88    -67.00    -29.68
 LEU   A    89    -70.36    -45.79
 ALA   A    90    -65.98    -39.67
 GLN   A    91    -63.75    -49.34
 SER   A    92    -70.81    -40.06
 HIS   A    93    -64.71    -38.59
 ALA   A    94    -70.40    -52.37
 THR   A    95    -98.52    -29.76
 LYS   A    96   -101.20    -52.71
 HIS   A    97    -86.90    -16.08
 LYS   A    98     52.75     60.31
 ILE   A    99   -101.76    116.09
 PRO   A   100    -66.64    154.02
 ILE   A   101    -59.79    -27.85
 LYS   A   102    -56.58    -39.00
 TYR   A   103    -69.44    -27.28
 LEU   A   104    -69.14    -32.33
 GLU   A   105    -64.05    -45.24
 PHE   A   106    -59.46    -44.10
 ILE   A   107    -71.57    -29.58
 SER   A   108    -63.30    -40.30
 GLU   A   109    -67.36    -34.83
 ALA   A   110    -67.03    -41.38
 ILE   A   111    -56.89    -48.26
 ILE   A   112    -60.13    -41.24
 HIS   A   113    -66.24    -39.49
 VAL   A   114    -69.68    -34.88
 LEU   A   115    -62.84    -45.83
 HIS   A   116    -55.44    -29.07
 SER   A   117    -67.18    -56.65
 ARG   A   118    -87.79     -8.16
 HIS   A   119   -143.79     47.78
 PRO   A   120    -77.01     24.05
 GLY   A   121   -145.93    -21.48
 ASP   A   122   -113.49   -151.15
 PHE   A   123     49.90     61.90
 GLY   A   124    -72.77    169.78
 ALA   A   125    -52.21    -41.33
 ASP   A   126    -64.93    -42.64
 ALA   A   127    -69.02    -38.13
 GLN   A   128    -63.97    -42.52
 GLY   A   129    -57.78    -45.73
 ALA   A   130    -72.50    -39.34
 MET   A   131    -62.63    -41.44
 ASN   A   132    -51.29    -49.52
 LYS   A   133    -61.23    -42.26
 ALA   A   134    -66.50    -41.92
 LEU   A   135    -71.60    -32.01
 GLU   A   136    -65.06    -40.91
 LEU   A   137    -64.86    -41.04
 PHE   A   138    -55.78    -50.18
 ARG   A   139    -64.62    -42.56
 LYS   A   140    -54.82    -46.42
 ASP   A   141    -74.14    -34.19
 ILE   A   142    -67.38    -38.23
 ALA   A   143    -63.34    -34.67
 ALA   A   144    -66.25    -35.41
 LYS   A   145    -78.45    -39.05
 TYR   A   146    -49.99    -46.12
 LYS   A   147    -65.42    -38.96
 GLU   A   148    -58.59    -46.20
 LEU   A   149    -75.72     -6.34
 GLY   A   150     85.15     18.76
 TYR   A   151   -108.73    -13.69
 GLN   A   152   -112.23    127.69
 GLY   A   153    -42.18       360
                     360       360
