(ILE-17, LEU-46)	true	-0.052	-0.0401	-0.0103
(ILE-17, LEU-46)	false	0.09	0.0784	0.0821
(ILE-17, LEU-46)	false	-0.04	0.0122	-0.0051
(ILE-17, LEU-46)	true	0.02	0.0613	0.0462
(ILE-17, LEU-46)	false	0.236	0.0081	-0.0308
(ILE-17, LEU-46)	false	-0.038	-0.0212	-0.0718
(ILE-17, LEU-46)	false	0.014	0.0571	-0.0051
(ILE-17, LEU-46)	true	-0.038	-0.0217	0.0051
(LEU-23, ASN-53)	false	0.092	0.0473	-0.0103
(LEU-23, ASN-53)	true	-0.07	0.0078	0.0308
(LEU-23, ASN-53)	false	0.408	-0.0469	-0.0051
(LEU-23, ASN-53)	false	0.256	-0.0194	0.0103
(LEU-23, ASN-53)	true	-0.15	0.0087	0.0154
(LEU-23, ASN-53)	false	-0.16	-0.0143	-0.0615
(LEU-23, ASN-53)	true	-0.056	0.013	-0.0359
(LEU-23, ASN-53)	true	0.168	0.0238	-0.0051
(ILE-32, LEU-46)	false	0.118	-0.0064	0
(ILE-32, LEU-46)	false	-0.046	0.0144	0.0051
(ILE-32, LEU-46)	true	-0.088	0.0263	0.0103
(ILE-32, LEU-46)	false	0	-0.0486	-0.0308
(ILE-32, LEU-46)	false	0.136	-0.0155	-0.0154
(ILE-32, LEU-46)	false	-0.23	0.0254	0.0051
(ILE-32, LEU-46)	true	0.234	-0.0287	-0.0308
(ILE-32, LEU-46)	true	0.196	-0.0443	0.0051
(LEU-35, SER-42)	false	-0.032	0.0364	0.041
(LEU-35, SER-42)	false	0.16	-0.044	-0.0103
(LEU-35, SER-42)	true	-0.122	0.0088	-0.0513
(LEU-35, SER-42)	false	-0.024	-0.0376	-0.0564
(LEU-35, SER-42)	false	-0.014	-0.0307	-0.0256
(LEU-35, SER-42)	false	-0.116	0.009	0.0256
(LEU-35, SER-42)	true	-0.032	0.0133	-0.0462
(LEU-35, SER-42)	true	0.216	-0.1051	-0.0513
(LEU-20, ASN-53)	false	0.236	0.0351	0.0513
(LEU-20, ASN-53)	false	0.084	0.0313	-0.0256
(LEU-20, ASN-53)	false	0.454	-0.0283	0
(LEU-20, ASN-53)	true	-0.042	0.0378	-0.0359
(LEU-20, ASN-53)	true	-0.194	0.0246	0.0051
(LEU-20, ASN-53)	false	0.162	-0.0224	-0.0615
(LEU-20, ASN-53)	false	-0.152	0.0514	0.0615
(LEU-20, ASN-53)	true	0.31	0.012	-0.0154
(PHE-14, ILE-32)	false	0.374	-0.0275	0
(PHE-14, ILE-32)	false	0.052	-0.0267	0.0256
(PHE-14, ILE-32)	true	-0.088	-0.0088	-0.0103
(PHE-14, ILE-32)	true	-0.266	0.0134	-0.0154
(PHE-14, ILE-32)	true	-0.106	-0.013	0.0205
(PHE-14, ILE-32)	true	0.036	-0.0036	-0
(PHE-14, ILE-32)	true	0.056	-0.0903	-0.0256
(PHE-14, ILE-32)	true	0.092	-0.0858	-0.0154
(PHE-14, SER-42)	false	0.024	0.0608	-0.0154
(PHE-14, SER-42)	true	0.164	-0.0309	-0.0974
(PHE-14, SER-42)	false	0.006	-0.0026	-0.0154
(PHE-14, SER-42)	false	-0.114	-0.0633	0.0462
(PHE-14, SER-42)	false	0.28	-0.0517	-0.0974
(PHE-14, SER-42)	false	0.114	-0.0438	-0.0462
(PHE-14, SER-42)	false	-0.032	0.0093	-0.0103
(PHE-14, SER-42)	true	0.28	-0.0493	0.0205
(PHE-31, LEU-46)	false	-0.05	0.0165	-0.0103
(PHE-31, LEU-46)	false	0.054	-0.0168	0.0205
(PHE-31, LEU-46)	false	0.252	-0.0342	-0.0154
(PHE-31, LEU-46)	false	0.072	-0.0664	0.0256
(PHE-31, LEU-46)	false	0.162	0.0096	0.0051
(PHE-31, LEU-46)	false	0.076	-0.0456	-0.0718
(PHE-31, LEU-46)	false	0.08	-0.0468	-0.0513
(PHE-31, LEU-46)	true	0.444	0.0099	0.0154
(ILE-32, LEU-45)	false	-0.052	0.0073	-0.0359
(ILE-32, LEU-45)	false	0.108	0.0131	0.0667
(ILE-32, LEU-45)	false	-0.106	0.0193	-0.0256
(ILE-32, LEU-45)	false	0.036	-0.048	0.0205
(ILE-32, LEU-45)	false	0.166	0.002	-0.0205
(ILE-32, LEU-45)	true	0.244	0.0144	0.0103
(ILE-32, LEU-45)	false	-0.068	0.0006	0.0308
(ILE-32, LEU-45)	true	0.27	-0.0633	0.0308
(ARG-28, ALA-49)	false	0.222	0.0376	-0.041
(ARG-28, ALA-49)	false	-0.104	0.0668	0.0923
(ARG-28, ALA-49)	true	0.212	-0.0584	-0.0564
(ARG-28, ALA-49)	true	-0.022	-0.0177	-0.0718
(ARG-28, ALA-49)	false	0.464	-0.0535	-0.1282
(ARG-28, ALA-49)	true	0.132	-0.0024	-0.0205
(ARG-28, ALA-49)	false	-0.038	-0.0219	-0.0205
(ARG-28, ALA-49)	true	0.566	-0.0778	-0
(LEU-18, ARG-28)	false	0.332	-0.0502	0.0205
(LEU-18, ARG-28)	true	0.044	-0.0288	0.0103
(LEU-18, ARG-28)	false	0.278	0.0119	0.041
(LEU-18, ARG-28)	false	0.186	0.0035	0.041
(LEU-18, ARG-28)	false	0.204	-0.0406	-0.0974
(LEU-18, ARG-28)	false	-0.102	0.0038	0.0154
(LEU-18, ARG-28)	false	-0.044	0.0521	0.0923
(LEU-18, ARG-28)	true	0.196	-0.0255	-0.0103
(LEU-35, LEU-45)	false	0.074	0.056	0
(LEU-35, LEU-45)	false	0.054	-0.0149	-0.0154
(LEU-35, LEU-45)	false	0.126	-0.0165	-0.0154
(LEU-35, LEU-45)	false	0.24	-0.0418	-0.0154
(LEU-35, LEU-45)	true	-0.342	0.0299	0.0513
(LEU-35, LEU-45)	false	0.008	-0.0027	0.0103
(LEU-35, LEU-45)	false	0.154	-0.0076	-0.0359
(LEU-35, LEU-45)	false	0.01	-0.0248	-0.0923
(ILE-17, ALA-49)	true	-0.072	0.0104	0.0103
(ILE-17, ALA-49)	false	-0.06	0.0219	0.0154
(ILE-17, ALA-49)	false	0.262	-0.0402	0.0051
(ILE-17, ALA-49)	true	-0.24	0.004	-0.0051
(ILE-17, ALA-49)	false	0.416	-0.0491	-0.0667
(ILE-17, ALA-49)	true	-0.018	-0.0117	-0.0667
(ILE-17, ALA-49)	true	-0.026	0.025	0.0359
(ILE-17, ALA-49)	false	-0.432	0.0446	-0.0154
(ILE-17, ARG-28)	false	0.496	-0.0474	-0.0103
(ILE-17, ARG-28)	true	-0.072	0.0101	-0.041
(ILE-17, ARG-28)	false	0.284	-0.0444	0.0205
(ILE-17, ARG-28)	false	0.2	-0.0851	-0.0308
(ILE-17, ARG-28)	true	-0.18	0.016	-0.0308
(ILE-17, ARG-28)	true	0.136	-0.0001	-0.0615
(ILE-17, ARG-28)	false	0.118	-0.0408	-0.0154
(ILE-17, ARG-28)	false	-0.434	0.0047	-0.0821
(ILE-32, SER-42)	true	-0.104	-0.0805	-0.0256
(ILE-32, SER-42)	false	0.362	-0.0604	-0.041
(ILE-32, SER-42)	false	-0.1	0.0093	0.0513
(ILE-32, SER-42)	false	0.244	-0.0813	-0.041
(ILE-32, SER-42)	false	0.138	0.014	-0.0103
(ILE-32, SER-42)	false	-0.018	-0.0221	-0.0359
(ILE-32, SER-42)	false	0.032	-0.0149	0.0154
(ILE-32, SER-42)	false	-0.436	0.0158	-0.0462
(GLU-9, ALA-43)	false	-0.304	0.0452	-0.0667
(GLU-9, ALA-43)	false	-0.102	0.0112	0.0462
(GLU-9, ALA-43)	false	0.272	0.0006	0
(GLU-9, ALA-43)	false	0.484	-0.1005	-0.1179
(GLU-9, ALA-43)	false	0.464	-0.0637	-0.1436
(GLU-9, ALA-43)	false	0.194	-0.0337	-0.0513
(GLU-9, ALA-43)	false	0.038	-0.0394	-0.0923
(GLU-9, ALA-43)	false	-0.066	-0.0635	-0.1385
(ILE-17, LYS-50)	true	0.128	-0.0664	-0.0872
(ILE-17, LYS-50)	false	-0.154	0.0193	0.0462
(ILE-17, LYS-50)	true	0.106	-0.0214	-0.0154
(ILE-17, LYS-50)	false	0.128	-0.024	0.041
(ILE-17, LYS-50)	true	-0.44	0.0584	0.0154
(ILE-17, LYS-50)	true	0.004	0.0192	0.0051
(ILE-17, LYS-50)	false	0.056	-0.0462	-0.0308
(ILE-17, LYS-50)	false	-0.326	0.0487	0.0205
(ASN-22, ASN-53)	false	0.058	0.0322	0.0154
(ASN-22, ASN-53)	false	-0.134	0.0297	0.0872
(ASN-22, ASN-53)	false	0.264	-0.0448	-0.0205
(ASN-22, ASN-53)	true	-0.222	0.0101	-0.0923
(ASN-22, ASN-53)	false	0.418	-0.0469	-0.0769
(ASN-22, ASN-53)	false	-0.048	0.01	-0.0256
(ASN-22, ASN-53)	false	0	-0.0396	-0.0462
(ASN-22, ASN-53)	false	-0.172	-0.0058	-0.0154
(LYS-8, ALA-43)	false	0.04	0.0483	-0.0051
(LYS-8, ALA-43)	false	-0.038	0.0168	0.0462
(LYS-8, ALA-43)	true	-0.148	0.0229	-0.0564
(LYS-8, ALA-43)	false	0.236	-0.0773	-0.0615
(LYS-8, ALA-43)	false	0.496	-0.0554	-0.0615
(LYS-8, ALA-43)	false	-0.202	0.0025	-0.0205
(LYS-8, ALA-43)	false	0.29	-0.056	-0.0256
(LYS-8, ALA-43)	false	-0.192	-0.019	-0.0513
(LEU-18, ASN-29)	false	0.278	0.0078	-0.0051
(LEU-18, ASN-29)	false	0.116	0.0036	-0.0051
(LEU-18, ASN-29)	false	0.274	-0.0429	0.0051
(LEU-18, ASN-29)	true	0.484	-0.0199	0.0103
(LEU-18, ASN-29)	true	-0.406	0.0361	-0.0308
(LEU-18, ASN-29)	true	0.18	-0.0109	-0.041
(LEU-18, ASN-29)	false	0.144	-0.0493	-0.0256
(LEU-18, ASN-29)	false	-0.416	0.009	-0.0513
(PHE-31, ALA-49)	true	-0.012	-0.003	0.0923
(PHE-31, ALA-49)	true	-0.056	-0.0265	-0.0718
(PHE-31, ALA-49)	false	0.34	-0.0259	-0.0205
(PHE-31, ALA-49)	false	0.432	-0.0085	0.0308
(PHE-31, ALA-49)	false	0.14	-0.0356	-0.0462
(PHE-31, ALA-49)	false	-0.14	-0.0097	0.0205
(PHE-31, ALA-49)	false	0.036	-0.0509	0.0103
(PHE-31, ALA-49)	false	-0.348	0.0112	0.0103
(PHE-31, GLU-48)	true	-0.15	-0.0661	-0.0769
(PHE-31, GLU-48)	false	-0.006	0.1082	0.0923
(PHE-31, GLU-48)	false	0.106	-0.0409	-0.0564
(PHE-31, GLU-48)	true	0.072	-0.0265	-0.0103
(PHE-31, GLU-48)	true	-0.242	0.026	0.0256
(PHE-31, GLU-48)	false	-0.334	0.0188	0.0462
(PHE-31, GLU-48)	false	0.006	0.0505	0.0103
(PHE-31, GLU-48)	false	-0.414	-0.0136	-0.0462
(ASN-22, ALA-57)	true	0.592	-0.0757	-0.0974
(ASN-22, ALA-57)	false	-0.152	0.0246	0.0103
(ASN-22, ALA-57)	false	0.43	-0.0398	-0.0103
(ASN-22, ALA-57)	false	0.046	-0.0211	0.0103
(ASN-22, ALA-57)	false	0.23	0.0222	0.0103
(ASN-22, ALA-57)	false	0.048	-0.0104	-0.0051
(ASN-22, ALA-57)	false	0.13	-0.0143	-0.0308
(ASN-22, ALA-57)	false	-0.3	0.1494	-0.0103
(PHE-14, LEU-46)	false	-0.196	0.0943	0.0103
(PHE-14, LEU-46)	false	0.052	0.003	0.0154
(PHE-14, LEU-46)	false	0.132	-0.0089	0
(PHE-14, LEU-46)	true	-0.158	0.0519	-0.0051
(PHE-14, LEU-46)	false	0.032	-0.0249	-0.0564
(PHE-14, LEU-46)	false	-0.178	0.023	-0.0154
(PHE-14, LEU-46)	false	-0.01	0.0503	-0.0051
(PHE-14, LEU-46)	false	0.102	0.0269	-0.0667
(ASN-22, PRO-58)	false	-0.154	0.0369	-0.0154
(ASN-22, PRO-58)	false	-0.192	0.0336	0.0154
(ASN-22, PRO-58)	false	0.512	-0.0418	-0.0308
(ASN-22, PRO-58)	false	-0.198	0.0606	-0.0256
(ASN-22, PRO-58)	false	0.16	-0.0094	0.0205
(ASN-22, PRO-58)	false	-0.016	0.0179	0
(ASN-22, PRO-58)	true	-0.004	0.027	-0.0205
(ASN-22, PRO-58)	false	-0.138	-0.0017	-0.041
(LEU-23, ALA-57)	false	0.046	0.0419	-0.041
(LEU-23, ALA-57)	true	0.04	-0.0013	-0.0462
(LEU-23, ALA-57)	false	0.38	-0.0402	0.0103
(LEU-23, ALA-57)	false	0.07	-0.0445	0.0256
(LEU-23, ALA-57)	false	0.278	-0.0329	-0.041
(LEU-23, ALA-57)	true	0.372	0.0007	-0.0103
(LEU-23, ALA-57)	false	-0.004	-0.0042	0
(LEU-23, ALA-57)	false	-0.392	0.0163	-0.0667
(ALA-13, ALA-43)	false	-0.076	0.0975	0.0256
(ALA-13, ALA-43)	false	-0.222	0.0583	-0.0308
(ALA-13, ALA-43)	true	-0.234	0.019	-0.0359
(ALA-13, ALA-43)	false	0.068	-0.0216	-0.0051
(ALA-13, ALA-43)	false	0.274	-0.0663	-0.0821
(ALA-13, ALA-43)	false	0.118	-0.0316	-0.0923
(ALA-13, ALA-43)	false	-0.06	-0.0125	-0.0256
(ALA-13, ALA-43)	false	-0.33	0.003	-0.0462
(PHE-31, SER-42)	false	0.056	0.0361	-0.0103
(PHE-31, SER-42)	false	0.322	0.059	0.0308
(PHE-31, SER-42)	false	0.418	-0.0314	0.0154
(PHE-31, SER-42)	false	0.408	-0.0473	0
(PHE-31, SER-42)	false	0.466	-0.0643	-0.0769
(PHE-31, SER-42)	false	0.256	-0.0449	-0.0051
(PHE-31, SER-42)	false	-0.064	-0.0314	0.0103
(PHE-31, SER-42)	false	-0.13	-0.0227	-0.0564
(ASN-22, GLN-56)	false	0.034	0.0019	0.0308
(ASN-22, GLN-56)	false	-0.076	0.059	0.0308
(ASN-22, GLN-56)	false	0.488	-0.0155	-0.0103
(ASN-22, GLN-56)	false	0.144	0.0033	-0.0051
(ASN-22, GLN-56)	false	0.242	-0.0274	-0.0462
(ASN-22, GLN-56)	false	0.088	-0.004	0.0256
(ASN-22, GLN-56)	false	-0.074	0.0548	-0.0154
(ASN-22, GLN-56)	false	-0.118	0.0458	-0.0359
(LEU-35, ALA-43)	true	0.242	-0.0787	-0.0205
(LEU-35, ALA-43)	false	0.128	-0.0135	-0.0513
(LEU-35, ALA-43)	false	-0.03	0.0063	-0.0051
(LEU-35, ALA-43)	false	0.246	-0.0079	0.0308
(LEU-35, ALA-43)	false	0.246	-0.034	-0.0821
(LEU-35, ALA-43)	false	0.004	-0.024	-0.0667
(LEU-35, ALA-43)	false	-0.068	0.0228	-0.0154
(LEU-35, ALA-43)	false	-0.208	0.0557	-0.0359
(PHE-31, LEU-45)	true	0.278	-0.0473	0.0154
(PHE-31, LEU-45)	true	0.13	-0.0861	-0.041
(PHE-31, LEU-45)	false	0.07	-0.025	-0.0256
(PHE-31, LEU-45)	false	0.004	-0.0556	-0.041
(PHE-31, LEU-45)	true	-0.11	0.0197	0.0154
(PHE-31, LEU-45)	false	-0.084	-0.0013	0.0256
(PHE-31, LEU-45)	false	-0.076	-0.0005	-0.0513
(PHE-31, LEU-45)	false	-0.248	-0.0058	-0.0205
(GLN-10, LEU-46)	false	-0.072	0.1097	0.0462
(GLN-10, LEU-46)	true	0.24	-0.0438	-0.1077
(GLN-10, LEU-46)	false	0.11	-0.0141	-0.0205
(GLN-10, LEU-46)	false	0.44	-0.1121	-0.0923
(GLN-10, LEU-46)	true	-0.294	0.0007	-0
(GLN-10, LEU-46)	true	-0.004	0.0309	-0.0051
(GLN-10, LEU-46)	true	0.2	-0.0093	-0.0051
(GLN-10, LEU-46)	false	0.104	-0.0197	-0.0923
(GLN-10, SER-42)	true	-0.234	-0.0918	-0.0462
(GLN-10, SER-42)	true	-0.106	0.0004	-0.0821
(GLN-10, SER-42)	true	-0.192	0.012	-0.0359
(GLN-10, SER-42)	true	-0.166	0.0494	-0
(GLN-10, SER-42)	false	0.346	-0.0598	-0.0462
(GLN-10, SER-42)	true	0.224	-0.025	-0.0359
(GLN-10, SER-42)	true	-0.152	0.046	0.0821
(GLN-10, SER-42)	false	0.024	-0.0535	-0.0872
(ALA-13, LEU-46)	false	0.16	0.0106	-0.0615
(ALA-13, LEU-46)	false	-0.01	0.0128	-0.0154
(ALA-13, LEU-46)	true	-0.176	0.0179	0.0103
(ALA-13, LEU-46)	false	0.282	-0.0801	-0.0256
(ALA-13, LEU-46)	false	0.158	-0.0356	-0.0615
(ALA-13, LEU-46)	false	-0.176	0.0072	-0.0205
(ALA-13, LEU-46)	true	0.06	0.0214	0.0256
(ALA-13, LEU-46)	false	-0.082	0.1116	-0.0051
(LEU-35, GLN-41)	false	-0.062	0.0203	0
(LEU-35, GLN-41)	false	0.224	-0.0072	-0.0103
(LEU-35, GLN-41)	false	-0.08	0.0154	0.041
(LEU-35, GLN-41)	false	-0.17	-0.0129	0.041
(LEU-35, GLN-41)	false	0.066	-0.0131	-0.0718
(LEU-35, GLN-41)	false	-0.072	0.0307	0.0256
(LEU-35, GLN-41)	false	0.1	0.0218	0.0205
(LEU-35, GLN-41)	false	-0.178	0.0132	-0.0205
(GLN-10, ALA-43)	false	0.208	-0.0033	-0.0308
(GLN-10, ALA-43)	true	0.038	-0.0293	-0.0667
(GLN-10, ALA-43)	true	0.072	-0.0025	-0
(GLN-10, ALA-43)	false	0.452	-0.1223	-0.0923
(GLN-10, ALA-43)	false	0.408	-0.0862	-0.1436
(GLN-10, ALA-43)	false	0.134	-0.0362	-0.0256
(GLN-10, ALA-43)	true	0.174	-0.0801	-0
(GLN-10, ALA-43)	false	-0.064	-0.0395	-0.0718
(SER-34, SER-42)	true	0.186	-0.0295	0.0205
(SER-34, SER-42)	false	0.262	-0.013	0.0564
(SER-34, SER-42)	false	0.018	-0.0256	-0.0051
(SER-34, SER-42)	true	-0.018	0.0634	0.0564
(SER-34, SER-42)	false	0.278	-0.0666	-0.0821
(SER-34, SER-42)	false	-0.042	-0.0077	-0.0513
(SER-34, SER-42)	true	0.048	0.0156	0.0154
(SER-34, SER-42)	false	-0.282	-0.0211	-0.0718
(LEU-23, GLN-56)	false	-0.342	0.0498	-0.041
(LEU-23, GLN-56)	true	0.066	-0.0308	0.0051
(LEU-23, GLN-56)	false	0.54	-0.0747	-0.0667
(LEU-23, GLN-56)	false	0.048	-0.0586	0.0513
(LEU-23, GLN-56)	false	0.232	-0.0559	-0.0564
(LEU-23, GLN-56)	false	0.024	0.0061	-0.0256
(LEU-23, GLN-56)	false	0.002	0.0351	-0.0359
(LEU-23, GLN-56)	false	-0.136	0.0568	-0.0564
(LYS-36, SER-42)	false	-0.35	0.0481	0
(LYS-36, SER-42)	false	0.162	-0.0543	-0.0821
(LYS-36, SER-42)	true	-0.186	0.0091	-0.0051
(LYS-36, SER-42)	false	0.2	0.0451	0.0154
(LYS-36, SER-42)	true	-0.258	0.0393	0.0974
(LYS-36, SER-42)	true	-0.028	0.0231	0.0564
(LYS-36, SER-42)	false	-0.096	-0.0146	-0.0051
(LYS-36, SER-42)	false	-0.272	0.04	0.0256